λ x : word32 * word32 * word32 * word32 * word32 * word32 * word32 * word32 * word32,
Interp-η
(λ var : Syntax.base_type → Type,
 λ '(x15, x16, x14, x12, x10, x8, x6, x4, x2)%core,
 uint32_t x17 = (x2 >> 0x16);
 uint32_t x18 = (x2 & 0x3fffff);
 uint32_t x19 = (x17 + x4);
 uint32_t x20 = (x19 >> 0x16);
 uint32_t x21 = (x19 & 0x3fffff);
 uint32_t x22 = (x20 + x6);
 uint32_t x23 = (x22 >> 0x16);
 uint32_t x24 = (x22 & 0x3fffff);
 uint32_t x25 = (x23 + x8);
 uint32_t x26 = (x25 >> 0x16);
 uint32_t x27 = (x25 & 0x3fffff);
 uint32_t x28 = (x26 + x10);
 uint32_t x29 = (x28 >> 0x16);
 uint32_t x30 = (x28 & 0x3fffff);
 uint32_t x31 = (x29 + x12);
 uint32_t x32 = (x31 >> 0x16);
 uint32_t x33 = (x31 & 0x3fffff);
 uint32_t x34 = (x32 + x14);
 uint32_t x35 = (x34 >> 0x16);
 uint32_t x36 = (x34 & 0x3fffff);
 uint32_t x37 = (x35 + x16);
 uint32_t x38 = (x37 >> 0x16);
 uint32_t x39 = (x37 & 0x3fffff);
 uint32_t x40 = (x38 + x15);
 uint32_t x41 = (x40 >> 0x16);
 uint32_t x42 = (x40 & 0x3fffff);
 uint32_t x43 = (x18 + (0x11 * x41));
 uint32_t x44 = (x43 >> 0x16);
 uint32_t x45 = (x43 & 0x3fffff);
 uint32_t x46 = (x44 + x21);
 uint32_t x47 = (x46 >> 0x16);
 uint32_t x48 = (x46 & 0x3fffff);
 return (Return x42, Return x39, Return x36, Return x33, Return x30, Return x27, (x47 + x24), Return x48, Return x45))
x
     : word32 * word32 * word32 * word32 * word32 * word32 * word32 * word32 * word32 → ReturnType (uint32_t * uint32_t * uint32_t * uint32_t * uint32_t * uint32_t * uint32_t * uint32_t * uint32_t)
