λ x : word32 * word32 * word32 * word32 * word32 * word32 * word32,
Interp-η
(λ var : Syntax.base_type → Type,
 λ '(x11, x12, x10, x8, x6, x4, x2)%core,
 uint32_t x14, uint8_t/*bool*/ x15 = subborrow_u25(0x0, x2, 0x1fffffd);
 uint32_t x17, uint8_t/*bool*/ x18 = subborrow_u25(x15, x4, 0x1ffffff);
 uint32_t x20, uint8_t/*bool*/ x21 = subborrow_u25(x18, x6, 0x1ffffff);
 uint32_t x23, uint8_t/*bool*/ x24 = subborrow_u25(x21, x8, 0x1ffffff);
 uint32_t x26, uint8_t/*bool*/ x27 = subborrow_u25(x24, x10, 0x1ffffff);
 uint32_t x29, uint8_t/*bool*/ x30 = subborrow_u25(x27, x12, 0x1ffffff);
 uint32_t x32, uint8_t/*bool*/ x33 = Op (Syntax.SubWithGetBorrow 24 (Syntax.TWord 0) (Syntax.TWord 5) (Syntax.TWord 5) (Syntax.TWord 5) (Syntax.TWord 0)) (Return x30, Return x11, 0xffffff);
 uint32_t x34 = cmovznz32(x33, 0x0, 0xffffffff);
 uint32_t x35 = (x34 & 0x1fffffd);
 uint32_t x37, uint8_t/*bool*/ x38 = addcarryx_u25(0x0, x14, x35);
 uint32_t x39 = (x34 & 0x1ffffff);
 uint32_t x41, uint8_t/*bool*/ x42 = addcarryx_u25(x38, x17, x39);
 uint32_t x43 = (x34 & 0x1ffffff);
 uint32_t x45, uint8_t/*bool*/ x46 = addcarryx_u25(x42, x20, x43);
 uint32_t x47 = (x34 & 0x1ffffff);
 uint32_t x49, uint8_t/*bool*/ x50 = addcarryx_u25(x46, x23, x47);
 uint32_t x51 = (x34 & 0x1ffffff);
 uint32_t x53, uint8_t/*bool*/ x54 = addcarryx_u25(x50, x26, x51);
 uint32_t x55 = (x34 & 0x1ffffff);
 uint32_t x57, uint8_t/*bool*/ x58 = addcarryx_u25(x54, x29, x55);
 uint32_t x59 = (x34 & 0xffffff);
 uint32_t x61, uint8_t/*bool*/ _ = Op (Syntax.AddWithGetCarry 24 (Syntax.TWord 0) (Syntax.TWord 5) (Syntax.TWord 5) (Syntax.TWord 5) (Syntax.TWord 0)) (Return x58, Return x32, Return x59);
 (Return x61, Return x57, Return x53, Return x49, Return x45, Return x41, Return x37))
x
     : word32 * word32 * word32 * word32 * word32 * word32 * word32 → ReturnType (uint32_t * uint32_t * uint32_t * uint32_t * uint32_t * uint32_t * uint32_t)
