λ x : word32 * word32 * word32 * word32 * word32 * word32 * word32 * word32 * word32 * word32 * word32 * word32,
Interp-η
(λ var : Syntax.base_type → Type,
 λ '(x21, x22, x20, x18, x16, x14, x12, x10, x8, x6, x4, x2)%core,
 uint32_t x24, uint8_t/*bool*/ x25 = subborrow_u25(0x0, x2, 0x1ffffed);
 uint32_t x27, uint8_t/*bool*/ x28 = Op (Syntax.SubWithGetBorrow 24 (Syntax.TWord 0) (Syntax.TWord 5) (Syntax.TWord 5) (Syntax.TWord 5) (Syntax.TWord 0)) (Return x25, Return x4, 0xffffff);
 uint32_t x30, uint8_t/*bool*/ x31 = Op (Syntax.SubWithGetBorrow 24 (Syntax.TWord 0) (Syntax.TWord 5) (Syntax.TWord 5) (Syntax.TWord 5) (Syntax.TWord 0)) (Return x28, Return x6, 0xffffff);
 uint32_t x33, uint8_t/*bool*/ x34 = Op (Syntax.SubWithGetBorrow 24 (Syntax.TWord 0) (Syntax.TWord 5) (Syntax.TWord 5) (Syntax.TWord 5) (Syntax.TWord 0)) (Return x31, Return x8, 0xffffff);
 uint32_t x36, uint8_t/*bool*/ x37 = subborrow_u25(x34, x10, 0x1ffffff);
 uint32_t x39, uint8_t/*bool*/ x40 = Op (Syntax.SubWithGetBorrow 24 (Syntax.TWord 0) (Syntax.TWord 5) (Syntax.TWord 5) (Syntax.TWord 5) (Syntax.TWord 0)) (Return x37, Return x12, 0xffffff);
 uint32_t x42, uint8_t/*bool*/ x43 = Op (Syntax.SubWithGetBorrow 24 (Syntax.TWord 0) (Syntax.TWord 5) (Syntax.TWord 5) (Syntax.TWord 5) (Syntax.TWord 0)) (Return x40, Return x14, 0xffffff);
 uint32_t x45, uint8_t/*bool*/ x46 = Op (Syntax.SubWithGetBorrow 24 (Syntax.TWord 0) (Syntax.TWord 5) (Syntax.TWord 5) (Syntax.TWord 5) (Syntax.TWord 0)) (Return x43, Return x16, 0xffffff);
 uint32_t x48, uint8_t/*bool*/ x49 = subborrow_u25(x46, x18, 0x1ffffff);
 uint32_t x51, uint8_t/*bool*/ x52 = Op (Syntax.SubWithGetBorrow 24 (Syntax.TWord 0) (Syntax.TWord 5) (Syntax.TWord 5) (Syntax.TWord 5) (Syntax.TWord 0)) (Return x49, Return x20, 0xffffff);
 uint32_t x54, uint8_t/*bool*/ x55 = Op (Syntax.SubWithGetBorrow 24 (Syntax.TWord 0) (Syntax.TWord 5) (Syntax.TWord 5) (Syntax.TWord 5) (Syntax.TWord 0)) (Return x52, Return x22, 0xffffff);
 uint32_t x57, uint8_t/*bool*/ x58 = Op (Syntax.SubWithGetBorrow 24 (Syntax.TWord 0) (Syntax.TWord 5) (Syntax.TWord 5) (Syntax.TWord 5) (Syntax.TWord 0)) (Return x55, Return x21, 0xffffff);
 uint32_t x59 = cmovznz32(x58, 0x0, 0xffffffff);
 uint32_t x60 = (x59 & 0x1ffffed);
 uint32_t x62, uint8_t/*bool*/ x63 = addcarryx_u25(0x0, x24, x60);
 uint32_t x64 = (x59 & 0xffffff);
 uint32_t x66, uint8_t/*bool*/ x67 = Op (Syntax.AddWithGetCarry 24 (Syntax.TWord 0) (Syntax.TWord 5) (Syntax.TWord 5) (Syntax.TWord 5) (Syntax.TWord 0)) (Return x63, Return x27, Return x64);
 uint32_t x68 = (x59 & 0xffffff);
 uint32_t x70, uint8_t/*bool*/ x71 = Op (Syntax.AddWithGetCarry 24 (Syntax.TWord 0) (Syntax.TWord 5) (Syntax.TWord 5) (Syntax.TWord 5) (Syntax.TWord 0)) (Return x67, Return x30, Return x68);
 uint32_t x72 = (x59 & 0xffffff);
 uint32_t x74, uint8_t/*bool*/ x75 = Op (Syntax.AddWithGetCarry 24 (Syntax.TWord 0) (Syntax.TWord 5) (Syntax.TWord 5) (Syntax.TWord 5) (Syntax.TWord 0)) (Return x71, Return x33, Return x72);
 uint32_t x76 = (x59 & 0x1ffffff);
 uint32_t x78, uint8_t/*bool*/ x79 = addcarryx_u25(x75, x36, x76);
 uint32_t x80 = (x59 & 0xffffff);
 uint32_t x82, uint8_t/*bool*/ x83 = Op (Syntax.AddWithGetCarry 24 (Syntax.TWord 0) (Syntax.TWord 5) (Syntax.TWord 5) (Syntax.TWord 5) (Syntax.TWord 0)) (Return x79, Return x39, Return x80);
 uint32_t x84 = (x59 & 0xffffff);
 uint32_t x86, uint8_t/*bool*/ x87 = Op (Syntax.AddWithGetCarry 24 (Syntax.TWord 0) (Syntax.TWord 5) (Syntax.TWord 5) (Syntax.TWord 5) (Syntax.TWord 0)) (Return x83, Return x42, Return x84);
 uint32_t x88 = (x59 & 0xffffff);
 uint32_t x90, uint8_t/*bool*/ x91 = Op (Syntax.AddWithGetCarry 24 (Syntax.TWord 0) (Syntax.TWord 5) (Syntax.TWord 5) (Syntax.TWord 5) (Syntax.TWord 0)) (Return x87, Return x45, Return x88);
 uint32_t x92 = (x59 & 0x1ffffff);
 uint32_t x94, uint8_t/*bool*/ x95 = addcarryx_u25(x91, x48, x92);
 uint32_t x96 = (x59 & 0xffffff);
 uint32_t x98, uint8_t/*bool*/ x99 = Op (Syntax.AddWithGetCarry 24 (Syntax.TWord 0) (Syntax.TWord 5) (Syntax.TWord 5) (Syntax.TWord 5) (Syntax.TWord 0)) (Return x95, Return x51, Return x96);
 uint32_t x100 = (x59 & 0xffffff);
 uint32_t x102, uint8_t/*bool*/ x103 = Op (Syntax.AddWithGetCarry 24 (Syntax.TWord 0) (Syntax.TWord 5) (Syntax.TWord 5) (Syntax.TWord 5) (Syntax.TWord 0)) (Return x99, Return x54, Return x100);
 uint32_t x104 = (x59 & 0xffffff);
 uint32_t x106, uint8_t/*bool*/ _ = Op (Syntax.AddWithGetCarry 24 (Syntax.TWord 0) (Syntax.TWord 5) (Syntax.TWord 5) (Syntax.TWord 5) (Syntax.TWord 0)) (Return x103, Return x57, Return x104);
 (Return x106, Return x102, Return x98, Return x94, Return x90, Return x86, Return x82, Return x78, Return x74, Return x70, Return x66, Return x62))
x
     : word32 * word32 * word32 * word32 * word32 * word32 * word32 * word32 * word32 * word32 * word32 * word32 → ReturnType (uint32_t * uint32_t * uint32_t * uint32_t * uint32_t * uint32_t * uint32_t * uint32_t * uint32_t * uint32_t * uint32_t * uint32_t)
