λ x : word64 * word64 * word64 * word64 * word64 * word64,
Interp-η
(λ var : Syntax.base_type → Type,
 λ '(x9, x10, x8, x6, x4, x2)%core,
 uint64_t x11 = (x9 >> 0x2a);
 uint64_t x12 = (x9 & 0x3ffffffffff);
 uint64_t x13 = ((0x40000000000 * x11) + x12);
 uint64_t x14 = (x13 >> 0x2a);
 uint64_t x15 = (x13 & 0x3ffffffffff);
 uint64_t x16 = ((0x40000000000 * x14) + x15);
 uint64_t x17 = (x16 >> 0x2a);
 uint64_t x18 = (x16 & 0x3ffffffffff);
 uint64_t x19 = (x2 + ((0x3d1 * x17) + (0x100000000 * x17)));
 uint64_t x20 = (x19 >> 0x2b);
 uint64_t x21 = (x19 & 0x7ffffffffff);
 uint64_t x22 = (x20 + x4);
 uint64_t x23 = (x22 >> 0x2b);
 uint64_t x24 = (x22 & 0x7ffffffffff);
 uint64_t x25 = (x23 + x6);
 uint64_t x26 = (x25 >> 0x2a);
 uint64_t x27 = (x25 & 0x3ffffffffff);
 uint64_t x28 = (x26 + x8);
 uint64_t x29 = (x28 >> 0x2b);
 uint64_t x30 = (x28 & 0x7ffffffffff);
 uint64_t x31 = (x29 + x10);
 uint64_t x32 = (x31 >> 0x2b);
 uint64_t x33 = (x31 & 0x7ffffffffff);
 uint64_t x34 = (x32 + x18);
 uint64_t x35 = (x34 >> 0x2a);
 uint64_t x36 = (x34 & 0x3ffffffffff);
 uint64_t x37 = (x21 + ((0x3d1 * x35) + (0x100000000 * x35)));
 uint64_t x38 = (x37 >> 0x2b);
 uint64_t x39 = (x37 & 0x7ffffffffff);
 uint64_t x40 = (x39 >> 0x2b);
 uint64_t x41 = (x39 & 0x7ffffffffff);
 return (Return x36, Return x33, Return x30, Return x27, (x40 + (x38 + x24)), Return x41))
x
     : word64 * word64 * word64 * word64 * word64 * word64 → ReturnType (uint64_t * uint64_t * uint64_t * uint64_t * uint64_t * uint64_t)
