λ x : word32 * word32 * word32 * word32 * word32 * word32 * word32 * word32,
Interp-η
(λ var : Syntax.base_type → Type,
 λ '(x13, x14, x12, x10, x8, x6, x4, x2)%core,
 uint32_t x16, uint8_t/*bool*/ x17 = subborrow_u25(0x0, x2, 0x1ffffef);
 uint32_t x19, uint8_t/*bool*/ x20 = subborrow_u25(x17, x4, 0x1ffffff);
 uint32_t x22, uint8_t/*bool*/ x23 = subborrow_u25(x20, x6, 0x1ffffff);
 uint32_t x25, uint8_t/*bool*/ x26 = Op (Syntax.SubWithGetBorrow 24 (Syntax.TWord 0) (Syntax.TWord 5) (Syntax.TWord 5) (Syntax.TWord 5) (Syntax.TWord 0)) (Return x23, Return x8, 0xffffff);
 uint32_t x28, uint8_t/*bool*/ x29 = subborrow_u25(x26, x10, 0x1ffffff);
 uint32_t x31, uint8_t/*bool*/ x32 = subborrow_u25(x29, x12, 0x1ffffff);
 uint32_t x34, uint8_t/*bool*/ x35 = subborrow_u25(x32, x14, 0x1ffffff);
 uint32_t x37, uint8_t/*bool*/ x38 = Op (Syntax.SubWithGetBorrow 24 (Syntax.TWord 0) (Syntax.TWord 5) (Syntax.TWord 5) (Syntax.TWord 5) (Syntax.TWord 0)) (Return x35, Return x13, 0xffffff);
 uint32_t x39 = cmovznz32(x38, 0x0, 0xffffffff);
 uint32_t x40 = (x39 & 0x1ffffef);
 uint32_t x42, uint8_t/*bool*/ x43 = addcarryx_u25(0x0, x16, x40);
 uint32_t x44 = (x39 & 0x1ffffff);
 uint32_t x46, uint8_t/*bool*/ x47 = addcarryx_u25(x43, x19, x44);
 uint32_t x48 = (x39 & 0x1ffffff);
 uint32_t x50, uint8_t/*bool*/ x51 = addcarryx_u25(x47, x22, x48);
 uint32_t x52 = (x39 & 0xffffff);
 uint32_t x54, uint8_t/*bool*/ x55 = Op (Syntax.AddWithGetCarry 24 (Syntax.TWord 0) (Syntax.TWord 5) (Syntax.TWord 5) (Syntax.TWord 5) (Syntax.TWord 0)) (Return x51, Return x25, Return x52);
 uint32_t x56 = (x39 & 0x1ffffff);
 uint32_t x58, uint8_t/*bool*/ x59 = addcarryx_u25(x55, x28, x56);
 uint32_t x60 = (x39 & 0x1ffffff);
 uint32_t x62, uint8_t/*bool*/ x63 = addcarryx_u25(x59, x31, x60);
 uint32_t x64 = (x39 & 0x1ffffff);
 uint32_t x66, uint8_t/*bool*/ x67 = addcarryx_u25(x63, x34, x64);
 uint32_t x68 = (x39 & 0xffffff);
 uint32_t x70, uint8_t/*bool*/ _ = Op (Syntax.AddWithGetCarry 24 (Syntax.TWord 0) (Syntax.TWord 5) (Syntax.TWord 5) (Syntax.TWord 5) (Syntax.TWord 0)) (Return x67, Return x37, Return x68);
 (Return x70, Return x66, Return x62, Return x58, Return x54, Return x50, Return x46, Return x42))
x
     : word32 * word32 * word32 * word32 * word32 * word32 * word32 * word32 → ReturnType (uint32_t * uint32_t * uint32_t * uint32_t * uint32_t * uint32_t * uint32_t * uint32_t)
