λ x : word32 * word32 * word32 * word32 * word32 * word32 * word32 * word32 * word32 * word32 * word32 * word32 * word32 * word32 * word32 * word32 * word32 * word32 * word32 * word32 * word32 * word32 * word32,
Interp-η
(λ var : Syntax.base_type → Type,
 λ '(x43, x44, x42, x40, x38, x36, x34, x32, x30, x28, x26, x24, x22, x20, x18, x16, x14, x12, x10, x8, x6, x4, x2)%core,
 uint32_t x46, uint8_t/*bool*/ x47 = Op (Syntax.SubWithGetBorrow 23 (Syntax.TWord 0) (Syntax.TWord 5) (Syntax.TWord 5) (Syntax.TWord 5) (Syntax.TWord 0)) (0x0, Return x2, 0x7fff45);
 uint32_t x49, uint8_t/*bool*/ x50 = Op (Syntax.SubWithGetBorrow 22 (Syntax.TWord 0) (Syntax.TWord 5) (Syntax.TWord 5) (Syntax.TWord 5) (Syntax.TWord 0)) (Return x47, Return x4, 0x3fffff);
 uint32_t x52, uint8_t/*bool*/ x53 = Op (Syntax.SubWithGetBorrow 22 (Syntax.TWord 0) (Syntax.TWord 5) (Syntax.TWord 5) (Syntax.TWord 5) (Syntax.TWord 0)) (Return x50, Return x6, 0x3fffff);
 uint32_t x55, uint8_t/*bool*/ x56 = Op (Syntax.SubWithGetBorrow 22 (Syntax.TWord 0) (Syntax.TWord 5) (Syntax.TWord 5) (Syntax.TWord 5) (Syntax.TWord 0)) (Return x53, Return x8, 0x3fffff);
 uint32_t x58, uint8_t/*bool*/ x59 = Op (Syntax.SubWithGetBorrow 23 (Syntax.TWord 0) (Syntax.TWord 5) (Syntax.TWord 5) (Syntax.TWord 5) (Syntax.TWord 0)) (Return x56, Return x10, 0x7fffff);
 uint32_t x61, uint8_t/*bool*/ x62 = Op (Syntax.SubWithGetBorrow 22 (Syntax.TWord 0) (Syntax.TWord 5) (Syntax.TWord 5) (Syntax.TWord 5) (Syntax.TWord 0)) (Return x59, Return x12, 0x3fffff);
 uint32_t x64, uint8_t/*bool*/ x65 = Op (Syntax.SubWithGetBorrow 22 (Syntax.TWord 0) (Syntax.TWord 5) (Syntax.TWord 5) (Syntax.TWord 5) (Syntax.TWord 0)) (Return x62, Return x14, 0x3fffff);
 uint32_t x67, uint8_t/*bool*/ x68 = Op (Syntax.SubWithGetBorrow 22 (Syntax.TWord 0) (Syntax.TWord 5) (Syntax.TWord 5) (Syntax.TWord 5) (Syntax.TWord 0)) (Return x65, Return x16, 0x3fffff);
 uint32_t x70, uint8_t/*bool*/ x71 = Op (Syntax.SubWithGetBorrow 22 (Syntax.TWord 0) (Syntax.TWord 5) (Syntax.TWord 5) (Syntax.TWord 5) (Syntax.TWord 0)) (Return x68, Return x18, 0x3fffff);
 uint32_t x73, uint8_t/*bool*/ x74 = Op (Syntax.SubWithGetBorrow 23 (Syntax.TWord 0) (Syntax.TWord 5) (Syntax.TWord 5) (Syntax.TWord 5) (Syntax.TWord 0)) (Return x71, Return x20, 0x7fffff);
 uint32_t x76, uint8_t/*bool*/ x77 = Op (Syntax.SubWithGetBorrow 22 (Syntax.TWord 0) (Syntax.TWord 5) (Syntax.TWord 5) (Syntax.TWord 5) (Syntax.TWord 0)) (Return x74, Return x22, 0x3fffff);
 uint32_t x79, uint8_t/*bool*/ x80 = Op (Syntax.SubWithGetBorrow 22 (Syntax.TWord 0) (Syntax.TWord 5) (Syntax.TWord 5) (Syntax.TWord 5) (Syntax.TWord 0)) (Return x77, Return x24, 0x3fffff);
 uint32_t x82, uint8_t/*bool*/ x83 = Op (Syntax.SubWithGetBorrow 22 (Syntax.TWord 0) (Syntax.TWord 5) (Syntax.TWord 5) (Syntax.TWord 5) (Syntax.TWord 0)) (Return x80, Return x26, 0x3fffff);
 uint32_t x85, uint8_t/*bool*/ x86 = Op (Syntax.SubWithGetBorrow 23 (Syntax.TWord 0) (Syntax.TWord 5) (Syntax.TWord 5) (Syntax.TWord 5) (Syntax.TWord 0)) (Return x83, Return x28, 0x7fffff);
 uint32_t x88, uint8_t/*bool*/ x89 = Op (Syntax.SubWithGetBorrow 22 (Syntax.TWord 0) (Syntax.TWord 5) (Syntax.TWord 5) (Syntax.TWord 5) (Syntax.TWord 0)) (Return x86, Return x30, 0x3fffff);
 uint32_t x91, uint8_t/*bool*/ x92 = Op (Syntax.SubWithGetBorrow 22 (Syntax.TWord 0) (Syntax.TWord 5) (Syntax.TWord 5) (Syntax.TWord 5) (Syntax.TWord 0)) (Return x89, Return x32, 0x3fffff);
 uint32_t x94, uint8_t/*bool*/ x95 = Op (Syntax.SubWithGetBorrow 22 (Syntax.TWord 0) (Syntax.TWord 5) (Syntax.TWord 5) (Syntax.TWord 5) (Syntax.TWord 0)) (Return x92, Return x34, 0x3fffff);
 uint32_t x97, uint8_t/*bool*/ x98 = Op (Syntax.SubWithGetBorrow 22 (Syntax.TWord 0) (Syntax.TWord 5) (Syntax.TWord 5) (Syntax.TWord 5) (Syntax.TWord 0)) (Return x95, Return x36, 0x3fffff);
 uint32_t x100, uint8_t/*bool*/ x101 = Op (Syntax.SubWithGetBorrow 23 (Syntax.TWord 0) (Syntax.TWord 5) (Syntax.TWord 5) (Syntax.TWord 5) (Syntax.TWord 0)) (Return x98, Return x38, 0x7fffff);
 uint32_t x103, uint8_t/*bool*/ x104 = Op (Syntax.SubWithGetBorrow 22 (Syntax.TWord 0) (Syntax.TWord 5) (Syntax.TWord 5) (Syntax.TWord 5) (Syntax.TWord 0)) (Return x101, Return x40, 0x3fffff);
 uint32_t x106, uint8_t/*bool*/ x107 = Op (Syntax.SubWithGetBorrow 22 (Syntax.TWord 0) (Syntax.TWord 5) (Syntax.TWord 5) (Syntax.TWord 5) (Syntax.TWord 0)) (Return x104, Return x42, 0x3fffff);
 uint32_t x109, uint8_t/*bool*/ x110 = Op (Syntax.SubWithGetBorrow 22 (Syntax.TWord 0) (Syntax.TWord 5) (Syntax.TWord 5) (Syntax.TWord 5) (Syntax.TWord 0)) (Return x107, Return x44, 0x3fffff);
 uint32_t x112, uint8_t/*bool*/ x113 = Op (Syntax.SubWithGetBorrow 22 (Syntax.TWord 0) (Syntax.TWord 5) (Syntax.TWord 5) (Syntax.TWord 5) (Syntax.TWord 0)) (Return x110, Return x43, 0x3fffff);
 uint32_t x114 = cmovznz32(x113, 0x0, 0xffffffff);
 uint32_t x115 = (x114 & 0x7fff45);
 uint32_t x117, uint8_t/*bool*/ x118 = Op (Syntax.AddWithGetCarry 23 (Syntax.TWord 0) (Syntax.TWord 5) (Syntax.TWord 5) (Syntax.TWord 5) (Syntax.TWord 0)) (0x0, Return x46, Return x115);
 uint32_t x119 = (x114 & 0x3fffff);
 uint32_t x121, uint8_t/*bool*/ x122 = Op (Syntax.AddWithGetCarry 22 (Syntax.TWord 0) (Syntax.TWord 5) (Syntax.TWord 5) (Syntax.TWord 5) (Syntax.TWord 0)) (Return x118, Return x49, Return x119);
 uint32_t x123 = (x114 & 0x3fffff);
 uint32_t x125, uint8_t/*bool*/ x126 = Op (Syntax.AddWithGetCarry 22 (Syntax.TWord 0) (Syntax.TWord 5) (Syntax.TWord 5) (Syntax.TWord 5) (Syntax.TWord 0)) (Return x122, Return x52, Return x123);
 uint32_t x127 = (x114 & 0x3fffff);
 uint32_t x129, uint8_t/*bool*/ x130 = Op (Syntax.AddWithGetCarry 22 (Syntax.TWord 0) (Syntax.TWord 5) (Syntax.TWord 5) (Syntax.TWord 5) (Syntax.TWord 0)) (Return x126, Return x55, Return x127);
 uint32_t x131 = (x114 & 0x7fffff);
 uint32_t x133, uint8_t/*bool*/ x134 = Op (Syntax.AddWithGetCarry 23 (Syntax.TWord 0) (Syntax.TWord 5) (Syntax.TWord 5) (Syntax.TWord 5) (Syntax.TWord 0)) (Return x130, Return x58, Return x131);
 uint32_t x135 = (x114 & 0x3fffff);
 uint32_t x137, uint8_t/*bool*/ x138 = Op (Syntax.AddWithGetCarry 22 (Syntax.TWord 0) (Syntax.TWord 5) (Syntax.TWord 5) (Syntax.TWord 5) (Syntax.TWord 0)) (Return x134, Return x61, Return x135);
 uint32_t x139 = (x114 & 0x3fffff);
 uint32_t x141, uint8_t/*bool*/ x142 = Op (Syntax.AddWithGetCarry 22 (Syntax.TWord 0) (Syntax.TWord 5) (Syntax.TWord 5) (Syntax.TWord 5) (Syntax.TWord 0)) (Return x138, Return x64, Return x139);
 uint32_t x143 = (x114 & 0x3fffff);
 uint32_t x145, uint8_t/*bool*/ x146 = Op (Syntax.AddWithGetCarry 22 (Syntax.TWord 0) (Syntax.TWord 5) (Syntax.TWord 5) (Syntax.TWord 5) (Syntax.TWord 0)) (Return x142, Return x67, Return x143);
 uint32_t x147 = (x114 & 0x3fffff);
 uint32_t x149, uint8_t/*bool*/ x150 = Op (Syntax.AddWithGetCarry 22 (Syntax.TWord 0) (Syntax.TWord 5) (Syntax.TWord 5) (Syntax.TWord 5) (Syntax.TWord 0)) (Return x146, Return x70, Return x147);
 uint32_t x151 = (x114 & 0x7fffff);
 uint32_t x153, uint8_t/*bool*/ x154 = Op (Syntax.AddWithGetCarry 23 (Syntax.TWord 0) (Syntax.TWord 5) (Syntax.TWord 5) (Syntax.TWord 5) (Syntax.TWord 0)) (Return x150, Return x73, Return x151);
 uint32_t x155 = (x114 & 0x3fffff);
 uint32_t x157, uint8_t/*bool*/ x158 = Op (Syntax.AddWithGetCarry 22 (Syntax.TWord 0) (Syntax.TWord 5) (Syntax.TWord 5) (Syntax.TWord 5) (Syntax.TWord 0)) (Return x154, Return x76, Return x155);
 uint32_t x159 = (x114 & 0x3fffff);
 uint32_t x161, uint8_t/*bool*/ x162 = Op (Syntax.AddWithGetCarry 22 (Syntax.TWord 0) (Syntax.TWord 5) (Syntax.TWord 5) (Syntax.TWord 5) (Syntax.TWord 0)) (Return x158, Return x79, Return x159);
 uint32_t x163 = (x114 & 0x3fffff);
 uint32_t x165, uint8_t/*bool*/ x166 = Op (Syntax.AddWithGetCarry 22 (Syntax.TWord 0) (Syntax.TWord 5) (Syntax.TWord 5) (Syntax.TWord 5) (Syntax.TWord 0)) (Return x162, Return x82, Return x163);
 uint32_t x167 = (x114 & 0x7fffff);
 uint32_t x169, uint8_t/*bool*/ x170 = Op (Syntax.AddWithGetCarry 23 (Syntax.TWord 0) (Syntax.TWord 5) (Syntax.TWord 5) (Syntax.TWord 5) (Syntax.TWord 0)) (Return x166, Return x85, Return x167);
 uint32_t x171 = (x114 & 0x3fffff);
 uint32_t x173, uint8_t/*bool*/ x174 = Op (Syntax.AddWithGetCarry 22 (Syntax.TWord 0) (Syntax.TWord 5) (Syntax.TWord 5) (Syntax.TWord 5) (Syntax.TWord 0)) (Return x170, Return x88, Return x171);
 uint32_t x175 = (x114 & 0x3fffff);
 uint32_t x177, uint8_t/*bool*/ x178 = Op (Syntax.AddWithGetCarry 22 (Syntax.TWord 0) (Syntax.TWord 5) (Syntax.TWord 5) (Syntax.TWord 5) (Syntax.TWord 0)) (Return x174, Return x91, Return x175);
 uint32_t x179 = (x114 & 0x3fffff);
 uint32_t x181, uint8_t/*bool*/ x182 = Op (Syntax.AddWithGetCarry 22 (Syntax.TWord 0) (Syntax.TWord 5) (Syntax.TWord 5) (Syntax.TWord 5) (Syntax.TWord 0)) (Return x178, Return x94, Return x179);
 uint32_t x183 = (x114 & 0x3fffff);
 uint32_t x185, uint8_t/*bool*/ x186 = Op (Syntax.AddWithGetCarry 22 (Syntax.TWord 0) (Syntax.TWord 5) (Syntax.TWord 5) (Syntax.TWord 5) (Syntax.TWord 0)) (Return x182, Return x97, Return x183);
 uint32_t x187 = (x114 & 0x7fffff);
 uint32_t x189, uint8_t/*bool*/ x190 = Op (Syntax.AddWithGetCarry 23 (Syntax.TWord 0) (Syntax.TWord 5) (Syntax.TWord 5) (Syntax.TWord 5) (Syntax.TWord 0)) (Return x186, Return x100, Return x187);
 uint32_t x191 = (x114 & 0x3fffff);
 uint32_t x193, uint8_t/*bool*/ x194 = Op (Syntax.AddWithGetCarry 22 (Syntax.TWord 0) (Syntax.TWord 5) (Syntax.TWord 5) (Syntax.TWord 5) (Syntax.TWord 0)) (Return x190, Return x103, Return x191);
 uint32_t x195 = (x114 & 0x3fffff);
 uint32_t x197, uint8_t/*bool*/ x198 = Op (Syntax.AddWithGetCarry 22 (Syntax.TWord 0) (Syntax.TWord 5) (Syntax.TWord 5) (Syntax.TWord 5) (Syntax.TWord 0)) (Return x194, Return x106, Return x195);
 uint32_t x199 = (x114 & 0x3fffff);
 uint32_t x201, uint8_t/*bool*/ x202 = Op (Syntax.AddWithGetCarry 22 (Syntax.TWord 0) (Syntax.TWord 5) (Syntax.TWord 5) (Syntax.TWord 5) (Syntax.TWord 0)) (Return x198, Return x109, Return x199);
 uint32_t x203 = (x114 & 0x3fffff);
 uint32_t x205, uint8_t/*bool*/ _ = Op (Syntax.AddWithGetCarry 22 (Syntax.TWord 0) (Syntax.TWord 5) (Syntax.TWord 5) (Syntax.TWord 5) (Syntax.TWord 0)) (Return x202, Return x112, Return x203);
 (Return x205, Return x201, Return x197, Return x193, Return x189, Return x185, Return x181, Return x177, Return x173, Return x169, Return x165, Return x161, Return x157, Return x153, Return x149, Return x145, Return x141, Return x137, Return x133, Return x129, Return x125, Return x121, Return x117))
x
     : word32 * word32 * word32 * word32 * word32 * word32 * word32 * word32 * word32 * word32 * word32 * word32 * word32 * word32 * word32 * word32 * word32 * word32 * word32 * word32 * word32 * word32 * word32 → ReturnType (uint32_t * uint32_t * uint32_t * uint32_t * uint32_t * uint32_t * uint32_t * uint32_t * uint32_t * uint32_t * uint32_t * uint32_t * uint32_t * uint32_t * uint32_t * uint32_t * uint32_t * uint32_t * uint32_t * uint32_t * uint32_t * uint32_t * uint32_t)
