λ x : word32 * word32 * word32 * word32 * word32 * word32 * word32 * word32 * word32 * word32 * word32 * word32,
Interp-η
(λ var : Syntax.base_type → Type,
 λ '(x21, x22, x20, x18, x16, x14, x12, x10, x8, x6, x4, x2)%core,
 uint32_t x23 = (x12 >> 0x1a);
 uint32_t x24 = (x12 & 0x3ffffff);
 uint32_t x25 = (x21 >> 0x1a);
 uint32_t x26 = (x21 & 0x3ffffff);
 uint32_t x27 = ((0x4000000 * x25) + x26);
 uint32_t x28 = (x27 >> 0x1a);
 uint32_t x29 = (x27 & 0x3ffffff);
 uint32_t x30 = ((x23 + x14) + x28);
 uint32_t x31 = (x30 >> 0x1b);
 uint32_t x32 = (x30 & 0x7ffffff);
 uint32_t x33 = (x2 + x28);
 uint32_t x34 = (x33 >> 0x1b);
 uint32_t x35 = (x33 & 0x7ffffff);
 uint32_t x36 = (x31 + x16);
 uint32_t x37 = (x36 >> 0x1b);
 uint32_t x38 = (x36 & 0x7ffffff);
 uint32_t x39 = (x34 + x4);
 uint32_t x40 = (x39 >> 0x1b);
 uint32_t x41 = (x39 & 0x7ffffff);
 uint32_t x42 = (x37 + x18);
 uint32_t x43 = (x42 >> 0x1b);
 uint32_t x44 = (x42 & 0x7ffffff);
 uint32_t x45 = (x40 + x6);
 uint32_t x46 = (x45 >> 0x1b);
 uint32_t x47 = (x45 & 0x7ffffff);
 uint32_t x48 = (x43 + x20);
 uint32_t x49 = (x48 >> 0x1b);
 uint32_t x50 = (x48 & 0x7ffffff);
 uint32_t x51 = (x46 + x8);
 uint32_t x52 = (x51 >> 0x1b);
 uint32_t x53 = (x51 & 0x7ffffff);
 uint32_t x54 = (x49 + x22);
 uint32_t x55 = (x54 >> 0x1b);
 uint32_t x56 = (x54 & 0x7ffffff);
 uint32_t x57 = (x52 + x10);
 uint32_t x58 = (x57 >> 0x1b);
 uint32_t x59 = (x57 & 0x7ffffff);
 uint32_t x60 = (x55 + x29);
 uint32_t x61 = (x60 >> 0x1a);
 uint32_t x62 = (x60 & 0x3ffffff);
 uint32_t x63 = (x58 + x24);
 uint32_t x64 = (x63 >> 0x1a);
 uint32_t x65 = (x63 & 0x3ffffff);
 uint32_t x66 = ((0x4000000 * x61) + x62);
 uint32_t x67 = (x66 >> 0x1a);
 uint32_t x68 = (x66 & 0x3ffffff);
 uint32_t x69 = ((x64 + x32) + x67);
 uint32_t x70 = (x69 >> 0x1b);
 uint32_t x71 = (x69 & 0x7ffffff);
 uint32_t x72 = (x35 + x67);
 uint32_t x73 = (x72 >> 0x1b);
 uint32_t x74 = (x72 & 0x7ffffff);
 return (Return x68, Return x56, Return x50, Return x44, (x70 + x38), Return x71, Return x65, Return x59, Return x53, Return x47, (x73 + x41), Return x74))
x
     : word32 * word32 * word32 * word32 * word32 * word32 * word32 * word32 * word32 * word32 * word32 * word32 → ReturnType (uint32_t * uint32_t * uint32_t * uint32_t * uint32_t * uint32_t * uint32_t * uint32_t * uint32_t * uint32_t * uint32_t * uint32_t)
