λ x : word32 * word32 * word32 * word32 * word32 * word32 * word32,
Interp-η
(λ var : Syntax.base_type → Type,
 λ '(x11, x12, x10, x8, x6, x4, x2)%core,
 uint32_t x13 = (x2 >> 0x16);
 uint32_t x14 = (x2 & 0x3fffff);
 uint32_t x15 = (x13 + x4);
 uint32_t x16 = (x15 >> 0x15);
 uint32_t x17 = (x15 & 0x1fffff);
 uint32_t x18 = (x16 + x6);
 uint32_t x19 = (x18 >> 0x16);
 uint32_t x20 = (x18 & 0x3fffff);
 uint32_t x21 = (x19 + x8);
 uint32_t x22 = (x21 >> 0x15);
 uint32_t x23 = (x21 & 0x1fffff);
 uint32_t x24 = (x22 + x10);
 uint32_t x25 = (x24 >> 0x16);
 uint32_t x26 = (x24 & 0x3fffff);
 uint32_t x27 = (x25 + x12);
 uint32_t x28 = (x27 >> 0x15);
 uint32_t x29 = (x27 & 0x1fffff);
 uint32_t x30 = (x28 + x11);
 uint32_t x31 = (x30 >> 0x15);
 uint32_t x32 = (x30 & 0x1fffff);
 uint32_t x33 = (x14 + (0x3 * x31));
 uint32_t x34 = (x33 >> 0x16);
 uint32_t x35 = (x33 & 0x3fffff);
 uint32_t x36 = (x34 + x17);
 uint32_t x37 = (x36 >> 0x15);
 uint32_t x38 = (x36 & 0x1fffff);
 return (Return x32, Return x29, Return x26, Return x23, (x37 + x20), Return x38, Return x35))
x
     : word32 * word32 * word32 * word32 * word32 * word32 * word32 → ReturnType (uint32_t * uint32_t * uint32_t * uint32_t * uint32_t * uint32_t * uint32_t)
