λ x x0 : word32 * word32 * word32 * word32 * word32 * word32 * word32 * word32 * word32 * word32 * word32 * word32 * word32 * word32 * word32 * word32 * word32 * word32 * word32 * word32,
Interp-η
(λ var : Syntax.base_type → Type,
 λ '(x40, x41, x39, x37, x35, x33, x31, x29, x27, x25, x23, x21, x19, x17, x15, x13, x11, x9, x7, x5, (x78, x79, x77, x75, x73, x71, x69, x67, x65, x63, x61, x59, x57, x55, x53, x51, x49, x47, x45, x43))%core,
 uint64_t x80 = ((0x2 * ((uint64_t)(x23 + x40) * (x61 + x78))) - (0x2 * ((uint64_t)x23 * x61)));
 uint64_t x81 = ((((uint64_t)(x21 + x41) * (x61 + x78)) + ((uint64_t)(x23 + x40) * (x59 + x79))) - (((uint64_t)x21 * x61) + ((uint64_t)x23 * x59)));
 uint64_t x82 = (((0x2 * ((uint64_t)(x19 + x39) * (x61 + x78))) + (((uint64_t)(x21 + x41) * (x59 + x79)) + (0x2 * ((uint64_t)(x23 + x40) * (x57 + x77))))) - ((0x2 * ((uint64_t)x19 * x61)) + (((uint64_t)x21 * x59) + (0x2 * ((uint64_t)x23 * x57)))));
 uint64_t x83 = ((((uint64_t)(x17 + x37) * (x61 + x78)) + (((uint64_t)(x19 + x39) * (x59 + x79)) + (((uint64_t)(x21 + x41) * (x57 + x77)) + ((uint64_t)(x23 + x40) * (x55 + x75))))) - (((uint64_t)x17 * x61) + (((uint64_t)x19 * x59) + (((uint64_t)x21 * x57) + ((uint64_t)x23 * x55)))));
 uint64_t x84 = (((0x2 * ((uint64_t)(x15 + x35) * (x61 + x78))) + (((uint64_t)(x17 + x37) * (x59 + x79)) + ((0x2 * ((uint64_t)(x19 + x39) * (x57 + x77))) + (((uint64_t)(x21 + x41) * (x55 + x75)) + (0x2 * ((uint64_t)(x23 + x40) * (x53 + x73))))))) - ((0x2 * ((uint64_t)x15 * x61)) + (((uint64_t)x17 * x59) + ((0x2 * ((uint64_t)x19 * x57)) + (((uint64_t)x21 * x55) + (0x2 * ((uint64_t)x23 * x53)))))));
 uint64_t x85 = ((((uint64_t)(x13 + x33) * (x61 + x78)) + (((uint64_t)(x15 + x35) * (x59 + x79)) + (((uint64_t)(x17 + x37) * (x57 + x77)) + (((uint64_t)(x19 + x39) * (x55 + x75)) + (((uint64_t)(x21 + x41) * (x53 + x73)) + ((uint64_t)(x23 + x40) * (x51 + x71))))))) - (((uint64_t)x13 * x61) + (((uint64_t)x15 * x59) + (((uint64_t)x17 * x57) + (((uint64_t)x19 * x55) + (((uint64_t)x21 * x53) + ((uint64_t)x23 * x51)))))));
 uint64_t x86 = (((0x2 * ((uint64_t)(x11 + x31) * (x61 + x78))) + (((uint64_t)(x13 + x33) * (x59 + x79)) + ((0x2 * ((uint64_t)(x15 + x35) * (x57 + x77))) + (((uint64_t)(x17 + x37) * (x55 + x75)) + ((0x2 * ((uint64_t)(x19 + x39) * (x53 + x73))) + (((uint64_t)(x21 + x41) * (x51 + x71)) + (0x2 * ((uint64_t)(x23 + x40) * (x49 + x69))))))))) - ((0x2 * ((uint64_t)x11 * x61)) + (((uint64_t)x13 * x59) + ((0x2 * ((uint64_t)x15 * x57)) + (((uint64_t)x17 * x55) + ((0x2 * ((uint64_t)x19 * x53)) + (((uint64_t)x21 * x51) + (0x2 * ((uint64_t)x23 * x49)))))))));
 uint64_t x87 = ((((uint64_t)(x9 + x29) * (x61 + x78)) + (((uint64_t)(x11 + x31) * (x59 + x79)) + (((uint64_t)(x13 + x33) * (x57 + x77)) + (((uint64_t)(x15 + x35) * (x55 + x75)) + (((uint64_t)(x17 + x37) * (x53 + x73)) + (((uint64_t)(x19 + x39) * (x51 + x71)) + (((uint64_t)(x21 + x41) * (x49 + x69)) + ((uint64_t)(x23 + x40) * (x47 + x67))))))))) - (((uint64_t)x9 * x61) + (((uint64_t)x11 * x59) + (((uint64_t)x13 * x57) + (((uint64_t)x15 * x55) + (((uint64_t)x17 * x53) + (((uint64_t)x19 * x51) + (((uint64_t)x21 * x49) + ((uint64_t)x23 * x47)))))))));
 uint64_t x88 = (((0x2 * ((uint64_t)(x7 + x27) * (x61 + x78))) + (((uint64_t)(x9 + x29) * (x59 + x79)) + ((0x2 * ((uint64_t)(x11 + x31) * (x57 + x77))) + (((uint64_t)(x13 + x33) * (x55 + x75)) + ((0x2 * ((uint64_t)(x15 + x35) * (x53 + x73))) + (((uint64_t)(x17 + x37) * (x51 + x71)) + ((0x2 * ((uint64_t)(x19 + x39) * (x49 + x69))) + (((uint64_t)(x21 + x41) * (x47 + x67)) + (0x2 * ((uint64_t)(x23 + x40) * (x45 + x65))))))))))) - ((0x2 * ((uint64_t)x7 * x61)) + (((uint64_t)x9 * x59) + ((0x2 * ((uint64_t)x11 * x57)) + (((uint64_t)x13 * x55) + ((0x2 * ((uint64_t)x15 * x53)) + (((uint64_t)x17 * x51) + ((0x2 * ((uint64_t)x19 * x49)) + (((uint64_t)x21 * x47) + (0x2 * ((uint64_t)x23 * x45)))))))))));
 uint64_t x89 = ((((uint64_t)(x5 + x25) * (x61 + x78)) + (((uint64_t)(x7 + x27) * (x59 + x79)) + (((uint64_t)(x9 + x29) * (x57 + x77)) + (((uint64_t)(x11 + x31) * (x55 + x75)) + (((uint64_t)(x13 + x33) * (x53 + x73)) + (((uint64_t)(x15 + x35) * (x51 + x71)) + (((uint64_t)(x17 + x37) * (x49 + x69)) + (((uint64_t)(x19 + x39) * (x47 + x67)) + (((uint64_t)(x21 + x41) * (x45 + x65)) + ((uint64_t)(x23 + x40) * (x43 + x63))))))))))) - (((uint64_t)x5 * x61) + (((uint64_t)x7 * x59) + (((uint64_t)x9 * x57) + (((uint64_t)x11 * x55) + (((uint64_t)x13 * x53) + (((uint64_t)x15 * x51) + (((uint64_t)x17 * x49) + (((uint64_t)x19 * x47) + (((uint64_t)x21 * x45) + ((uint64_t)x23 * x43)))))))))));
 uint64_t x90 = ((((uint64_t)(x5 + x25) * (x59 + x79)) + ((0x2 * ((uint64_t)(x7 + x27) * (x57 + x77))) + (((uint64_t)(x9 + x29) * (x55 + x75)) + ((0x2 * ((uint64_t)(x11 + x31) * (x53 + x73))) + (((uint64_t)(x13 + x33) * (x51 + x71)) + ((0x2 * ((uint64_t)(x15 + x35) * (x49 + x69))) + (((uint64_t)(x17 + x37) * (x47 + x67)) + ((0x2 * ((uint64_t)(x19 + x39) * (x45 + x65))) + ((uint64_t)(x21 + x41) * (x43 + x63)))))))))) - (((uint64_t)x5 * x59) + ((0x2 * ((uint64_t)x7 * x57)) + (((uint64_t)x9 * x55) + ((0x2 * ((uint64_t)x11 * x53)) + (((uint64_t)x13 * x51) + ((0x2 * ((uint64_t)x15 * x49)) + (((uint64_t)x17 * x47) + ((0x2 * ((uint64_t)x19 * x45)) + ((uint64_t)x21 * x43))))))))));
 uint64_t x91 = ((((uint64_t)(x5 + x25) * (x57 + x77)) + (((uint64_t)(x7 + x27) * (x55 + x75)) + (((uint64_t)(x9 + x29) * (x53 + x73)) + (((uint64_t)(x11 + x31) * (x51 + x71)) + (((uint64_t)(x13 + x33) * (x49 + x69)) + (((uint64_t)(x15 + x35) * (x47 + x67)) + (((uint64_t)(x17 + x37) * (x45 + x65)) + ((uint64_t)(x19 + x39) * (x43 + x63))))))))) - (((uint64_t)x5 * x57) + (((uint64_t)x7 * x55) + (((uint64_t)x9 * x53) + (((uint64_t)x11 * x51) + (((uint64_t)x13 * x49) + (((uint64_t)x15 * x47) + (((uint64_t)x17 * x45) + ((uint64_t)x19 * x43)))))))));
 uint64_t x92 = ((((uint64_t)(x5 + x25) * (x55 + x75)) + ((0x2 * ((uint64_t)(x7 + x27) * (x53 + x73))) + (((uint64_t)(x9 + x29) * (x51 + x71)) + ((0x2 * ((uint64_t)(x11 + x31) * (x49 + x69))) + (((uint64_t)(x13 + x33) * (x47 + x67)) + ((0x2 * ((uint64_t)(x15 + x35) * (x45 + x65))) + ((uint64_t)(x17 + x37) * (x43 + x63)))))))) - (((uint64_t)x5 * x55) + ((0x2 * ((uint64_t)x7 * x53)) + (((uint64_t)x9 * x51) + ((0x2 * ((uint64_t)x11 * x49)) + (((uint64_t)x13 * x47) + ((0x2 * ((uint64_t)x15 * x45)) + ((uint64_t)x17 * x43))))))));
 uint64_t x93 = ((((uint64_t)(x5 + x25) * (x53 + x73)) + (((uint64_t)(x7 + x27) * (x51 + x71)) + (((uint64_t)(x9 + x29) * (x49 + x69)) + (((uint64_t)(x11 + x31) * (x47 + x67)) + (((uint64_t)(x13 + x33) * (x45 + x65)) + ((uint64_t)(x15 + x35) * (x43 + x63))))))) - (((uint64_t)x5 * x53) + (((uint64_t)x7 * x51) + (((uint64_t)x9 * x49) + (((uint64_t)x11 * x47) + (((uint64_t)x13 * x45) + ((uint64_t)x15 * x43)))))));
 uint64_t x94 = ((((uint64_t)(x5 + x25) * (x51 + x71)) + ((0x2 * ((uint64_t)(x7 + x27) * (x49 + x69))) + (((uint64_t)(x9 + x29) * (x47 + x67)) + ((0x2 * ((uint64_t)(x11 + x31) * (x45 + x65))) + ((uint64_t)(x13 + x33) * (x43 + x63)))))) - (((uint64_t)x5 * x51) + ((0x2 * ((uint64_t)x7 * x49)) + (((uint64_t)x9 * x47) + ((0x2 * ((uint64_t)x11 * x45)) + ((uint64_t)x13 * x43))))));
 uint64_t x95 = ((((uint64_t)(x5 + x25) * (x49 + x69)) + (((uint64_t)(x7 + x27) * (x47 + x67)) + (((uint64_t)(x9 + x29) * (x45 + x65)) + ((uint64_t)(x11 + x31) * (x43 + x63))))) - (((uint64_t)x5 * x49) + (((uint64_t)x7 * x47) + (((uint64_t)x9 * x45) + ((uint64_t)x11 * x43)))));
 uint64_t x96 = ((((uint64_t)(x5 + x25) * (x47 + x67)) + ((0x2 * ((uint64_t)(x7 + x27) * (x45 + x65))) + ((uint64_t)(x9 + x29) * (x43 + x63)))) - (((uint64_t)x5 * x47) + ((0x2 * ((uint64_t)x7 * x45)) + ((uint64_t)x9 * x43))));
 uint64_t x97 = ((((uint64_t)(x5 + x25) * (x45 + x65)) + ((uint64_t)(x7 + x27) * (x43 + x63))) - (((uint64_t)x5 * x45) + ((uint64_t)x7 * x43)));
 uint64_t x98 = (((uint64_t)(x5 + x25) * (x43 + x63)) - ((uint64_t)x5 * x43));
 uint64_t x99 = ((((0x2 * ((uint64_t)x23 * x61)) + (0x2 * ((uint64_t)x40 * x78))) + x90) + x80);
 uint64_t x100 = ((((((uint64_t)x21 * x61) + ((uint64_t)x23 * x59)) + (((uint64_t)x41 * x78) + ((uint64_t)x40 * x79))) + x91) + x81);
 uint64_t x101 = (((((0x2 * ((uint64_t)x19 * x61)) + (((uint64_t)x21 * x59) + (0x2 * ((uint64_t)x23 * x57)))) + ((0x2 * ((uint64_t)x39 * x78)) + (((uint64_t)x41 * x79) + (0x2 * ((uint64_t)x40 * x77))))) + x92) + x82);
 uint64_t x102 = ((((((uint64_t)x17 * x61) + (((uint64_t)x19 * x59) + (((uint64_t)x21 * x57) + ((uint64_t)x23 * x55)))) + (((uint64_t)x37 * x78) + (((uint64_t)x39 * x79) + (((uint64_t)x41 * x77) + ((uint64_t)x40 * x75))))) + x93) + x83);
 uint64_t x103 = (((((0x2 * ((uint64_t)x15 * x61)) + (((uint64_t)x17 * x59) + ((0x2 * ((uint64_t)x19 * x57)) + (((uint64_t)x21 * x55) + (0x2 * ((uint64_t)x23 * x53)))))) + ((0x2 * ((uint64_t)x35 * x78)) + (((uint64_t)x37 * x79) + ((0x2 * ((uint64_t)x39 * x77)) + (((uint64_t)x41 * x75) + (0x2 * ((uint64_t)x40 * x73))))))) + x94) + x84);
 uint64_t x104 = ((((((uint64_t)x13 * x61) + (((uint64_t)x15 * x59) + (((uint64_t)x17 * x57) + (((uint64_t)x19 * x55) + (((uint64_t)x21 * x53) + ((uint64_t)x23 * x51)))))) + (((uint64_t)x33 * x78) + (((uint64_t)x35 * x79) + (((uint64_t)x37 * x77) + (((uint64_t)x39 * x75) + (((uint64_t)x41 * x73) + ((uint64_t)x40 * x71))))))) + x95) + x85);
 uint64_t x105 = (((((0x2 * ((uint64_t)x11 * x61)) + (((uint64_t)x13 * x59) + ((0x2 * ((uint64_t)x15 * x57)) + (((uint64_t)x17 * x55) + ((0x2 * ((uint64_t)x19 * x53)) + (((uint64_t)x21 * x51) + (0x2 * ((uint64_t)x23 * x49)))))))) + ((0x2 * ((uint64_t)x31 * x78)) + (((uint64_t)x33 * x79) + ((0x2 * ((uint64_t)x35 * x77)) + (((uint64_t)x37 * x75) + ((0x2 * ((uint64_t)x39 * x73)) + (((uint64_t)x41 * x71) + (0x2 * ((uint64_t)x40 * x69))))))))) + x96) + x86);
 uint64_t x106 = ((((((uint64_t)x9 * x61) + (((uint64_t)x11 * x59) + (((uint64_t)x13 * x57) + (((uint64_t)x15 * x55) + (((uint64_t)x17 * x53) + (((uint64_t)x19 * x51) + (((uint64_t)x21 * x49) + ((uint64_t)x23 * x47)))))))) + (((uint64_t)x29 * x78) + (((uint64_t)x31 * x79) + (((uint64_t)x33 * x77) + (((uint64_t)x35 * x75) + (((uint64_t)x37 * x73) + (((uint64_t)x39 * x71) + (((uint64_t)x41 * x69) + ((uint64_t)x40 * x67))))))))) + x97) + x87);
 uint64_t x107 = (((((0x2 * ((uint64_t)x7 * x61)) + (((uint64_t)x9 * x59) + ((0x2 * ((uint64_t)x11 * x57)) + (((uint64_t)x13 * x55) + ((0x2 * ((uint64_t)x15 * x53)) + (((uint64_t)x17 * x51) + ((0x2 * ((uint64_t)x19 * x49)) + (((uint64_t)x21 * x47) + (0x2 * ((uint64_t)x23 * x45)))))))))) + ((0x2 * ((uint64_t)x27 * x78)) + (((uint64_t)x29 * x79) + ((0x2 * ((uint64_t)x31 * x77)) + (((uint64_t)x33 * x75) + ((0x2 * ((uint64_t)x35 * x73)) + (((uint64_t)x37 * x71) + ((0x2 * ((uint64_t)x39 * x69)) + (((uint64_t)x41 * x67) + (0x2 * ((uint64_t)x40 * x65))))))))))) + x98) + x88);
 uint64_t x108 = ((((uint64_t)x5 * x61) + (((uint64_t)x7 * x59) + (((uint64_t)x9 * x57) + (((uint64_t)x11 * x55) + (((uint64_t)x13 * x53) + (((uint64_t)x15 * x51) + (((uint64_t)x17 * x49) + (((uint64_t)x19 * x47) + (((uint64_t)x21 * x45) + ((uint64_t)x23 * x43)))))))))) + (((uint64_t)x25 * x78) + (((uint64_t)x27 * x79) + (((uint64_t)x29 * x77) + (((uint64_t)x31 * x75) + (((uint64_t)x33 * x73) + (((uint64_t)x35 * x71) + (((uint64_t)x37 * x69) + (((uint64_t)x39 * x67) + (((uint64_t)x41 * x65) + ((uint64_t)x40 * x63)))))))))));
 uint64_t x109 = (((((uint64_t)x5 * x59) + ((0x2 * ((uint64_t)x7 * x57)) + (((uint64_t)x9 * x55) + ((0x2 * ((uint64_t)x11 * x53)) + (((uint64_t)x13 * x51) + ((0x2 * ((uint64_t)x15 * x49)) + (((uint64_t)x17 * x47) + ((0x2 * ((uint64_t)x19 * x45)) + ((uint64_t)x21 * x43))))))))) + (((uint64_t)x25 * x79) + ((0x2 * ((uint64_t)x27 * x77)) + (((uint64_t)x29 * x75) + ((0x2 * ((uint64_t)x31 * x73)) + (((uint64_t)x33 * x71) + ((0x2 * ((uint64_t)x35 * x69)) + (((uint64_t)x37 * x67) + ((0x2 * ((uint64_t)x39 * x65)) + ((uint64_t)x41 * x63)))))))))) + x80);
 uint64_t x110 = (((((uint64_t)x5 * x57) + (((uint64_t)x7 * x55) + (((uint64_t)x9 * x53) + (((uint64_t)x11 * x51) + (((uint64_t)x13 * x49) + (((uint64_t)x15 * x47) + (((uint64_t)x17 * x45) + ((uint64_t)x19 * x43)))))))) + (((uint64_t)x25 * x77) + (((uint64_t)x27 * x75) + (((uint64_t)x29 * x73) + (((uint64_t)x31 * x71) + (((uint64_t)x33 * x69) + (((uint64_t)x35 * x67) + (((uint64_t)x37 * x65) + ((uint64_t)x39 * x63))))))))) + x81);
 uint64_t x111 = (((((uint64_t)x5 * x55) + ((0x2 * ((uint64_t)x7 * x53)) + (((uint64_t)x9 * x51) + ((0x2 * ((uint64_t)x11 * x49)) + (((uint64_t)x13 * x47) + ((0x2 * ((uint64_t)x15 * x45)) + ((uint64_t)x17 * x43))))))) + (((uint64_t)x25 * x75) + ((0x2 * ((uint64_t)x27 * x73)) + (((uint64_t)x29 * x71) + ((0x2 * ((uint64_t)x31 * x69)) + (((uint64_t)x33 * x67) + ((0x2 * ((uint64_t)x35 * x65)) + ((uint64_t)x37 * x63)))))))) + x82);
 uint64_t x112 = (((((uint64_t)x5 * x53) + (((uint64_t)x7 * x51) + (((uint64_t)x9 * x49) + (((uint64_t)x11 * x47) + (((uint64_t)x13 * x45) + ((uint64_t)x15 * x43)))))) + (((uint64_t)x25 * x73) + (((uint64_t)x27 * x71) + (((uint64_t)x29 * x69) + (((uint64_t)x31 * x67) + (((uint64_t)x33 * x65) + ((uint64_t)x35 * x63))))))) + x83);
 uint64_t x113 = (((((uint64_t)x5 * x51) + ((0x2 * ((uint64_t)x7 * x49)) + (((uint64_t)x9 * x47) + ((0x2 * ((uint64_t)x11 * x45)) + ((uint64_t)x13 * x43))))) + (((uint64_t)x25 * x71) + ((0x2 * ((uint64_t)x27 * x69)) + (((uint64_t)x29 * x67) + ((0x2 * ((uint64_t)x31 * x65)) + ((uint64_t)x33 * x63)))))) + x84);
 uint64_t x114 = (((((uint64_t)x5 * x49) + (((uint64_t)x7 * x47) + (((uint64_t)x9 * x45) + ((uint64_t)x11 * x43)))) + (((uint64_t)x25 * x69) + (((uint64_t)x27 * x67) + (((uint64_t)x29 * x65) + ((uint64_t)x31 * x63))))) + x85);
 uint64_t x115 = (((((uint64_t)x5 * x47) + ((0x2 * ((uint64_t)x7 * x45)) + ((uint64_t)x9 * x43))) + (((uint64_t)x25 * x67) + ((0x2 * ((uint64_t)x27 * x65)) + ((uint64_t)x29 * x63)))) + x86);
 uint64_t x116 = (((((uint64_t)x5 * x45) + ((uint64_t)x7 * x43)) + (((uint64_t)x25 * x65) + ((uint64_t)x27 * x63))) + x87);
 uint64_t x117 = ((((uint64_t)x5 * x43) + ((uint64_t)x25 * x63)) + x88);
 uint32_t x118 = (uint32_t) (x108 >> 0x16);
 uint32_t x119 = ((uint32_t)x108 & 0x3fffff);
 uint32_t x120 = (uint32_t) (x89 >> 0x16);
 uint32_t x121 = ((uint32_t)x89 & 0x3fffff);
 uint64_t x122 = (((uint64_t)0x400000 * x120) + x121);
 uint32_t x123 = (uint32_t) (x122 >> 0x16);
 uint32_t x124 = ((uint32_t)x122 & 0x3fffff);
 uint64_t x125 = ((x118 + x107) + x123);
 uint32_t x126 = (uint32_t) (x125 >> 0x17);
 uint32_t x127 = ((uint32_t)x125 & 0x7fffff);
 uint64_t x128 = (x117 + x123);
 uint32_t x129 = (uint32_t) (x128 >> 0x17);
 uint32_t x130 = ((uint32_t)x128 & 0x7fffff);
 uint64_t x131 = (x126 + x106);
 uint64_t x132 = (x131 >> 0x16);
 uint32_t x133 = ((uint32_t)x131 & 0x3fffff);
 uint64_t x134 = (x129 + x116);
 uint32_t x135 = (uint32_t) (x134 >> 0x16);
 uint32_t x136 = ((uint32_t)x134 & 0x3fffff);
 uint64_t x137 = (x132 + x105);
 uint32_t x138 = (uint32_t) (x137 >> 0x17);
 uint32_t x139 = ((uint32_t)x137 & 0x7fffff);
 uint64_t x140 = (x135 + x115);
 uint32_t x141 = (uint32_t) (x140 >> 0x17);
 uint32_t x142 = ((uint32_t)x140 & 0x7fffff);
 uint64_t x143 = (x138 + x104);
 uint32_t x144 = (uint32_t) (x143 >> 0x16);
 uint32_t x145 = ((uint32_t)x143 & 0x3fffff);
 uint64_t x146 = (x141 + x114);
 uint32_t x147 = (uint32_t) (x146 >> 0x16);
 uint32_t x148 = ((uint32_t)x146 & 0x3fffff);
 uint64_t x149 = (x144 + x103);
 uint32_t x150 = (uint32_t) (x149 >> 0x17);
 uint32_t x151 = ((uint32_t)x149 & 0x7fffff);
 uint64_t x152 = (x147 + x113);
 uint32_t x153 = (uint32_t) (x152 >> 0x17);
 uint32_t x154 = ((uint32_t)x152 & 0x7fffff);
 uint64_t x155 = (x150 + x102);
 uint32_t x156 = (uint32_t) (x155 >> 0x16);
 uint32_t x157 = ((uint32_t)x155 & 0x3fffff);
 uint64_t x158 = (x153 + x112);
 uint32_t x159 = (uint32_t) (x158 >> 0x16);
 uint32_t x160 = ((uint32_t)x158 & 0x3fffff);
 uint64_t x161 = (x156 + x101);
 uint32_t x162 = (uint32_t) (x161 >> 0x17);
 uint32_t x163 = ((uint32_t)x161 & 0x7fffff);
 uint64_t x164 = (x159 + x111);
 uint32_t x165 = (uint32_t) (x164 >> 0x17);
 uint32_t x166 = ((uint32_t)x164 & 0x7fffff);
 uint64_t x167 = (x162 + x100);
 uint32_t x168 = (uint32_t) (x167 >> 0x16);
 uint32_t x169 = ((uint32_t)x167 & 0x3fffff);
 uint64_t x170 = (x165 + x110);
 uint32_t x171 = (uint32_t) (x170 >> 0x16);
 uint32_t x172 = ((uint32_t)x170 & 0x3fffff);
 uint64_t x173 = (x168 + x99);
 uint32_t x174 = (uint32_t) (x173 >> 0x17);
 uint32_t x175 = ((uint32_t)x173 & 0x7fffff);
 uint64_t x176 = (x171 + x109);
 uint32_t x177 = (uint32_t) (x176 >> 0x17);
 uint32_t x178 = ((uint32_t)x176 & 0x7fffff);
 uint32_t x179 = (x174 + x124);
 uint32_t x180 = (x179 >> 0x16);
 uint32_t x181 = (x179 & 0x3fffff);
 uint32_t x182 = (x177 + x119);
 uint32_t x183 = (x182 >> 0x16);
 uint32_t x184 = (x182 & 0x3fffff);
 uint32_t x185 = ((0x400000 * x180) + x181);
 uint32_t x186 = (x185 >> 0x16);
 uint32_t x187 = (x185 & 0x3fffff);
 uint32_t x188 = ((x183 + x127) + x186);
 uint32_t x189 = (x188 >> 0x17);
 uint32_t x190 = (x188 & 0x7fffff);
 uint32_t x191 = (x130 + x186);
 uint32_t x192 = (x191 >> 0x17);
 uint32_t x193 = (x191 & 0x7fffff);
 return (Return x187, Return x175, Return x169, Return x163, Return x157, Return x151, Return x145, Return x139, (x189 + x133), Return x190, Return x184, Return x178, Return x172, Return x166, Return x160, Return x154, Return x148, Return x142, (x192 + x136), Return x193))
(x, x0)%core
     : word32 * word32 * word32 * word32 * word32 * word32 * word32 * word32 * word32 * word32 * word32 * word32 * word32 * word32 * word32 * word32 * word32 * word32 * word32 * word32 → word32 * word32 * word32 * word32 * word32 * word32 * word32 * word32 * word32 * word32 * word32 * word32 * word32 * word32 * word32 * word32 * word32 * word32 * word32 * word32 → ReturnType (uint32_t * uint32_t * uint32_t * uint32_t * uint32_t * uint32_t * uint32_t * uint32_t * uint32_t * uint32_t * uint32_t * uint32_t * uint32_t * uint32_t * uint32_t * uint32_t * uint32_t * uint32_t * uint32_t * uint32_t)
