λ x : word64 * word64 * word64 * word64 * word64 * word64 * word64 * word64 * word64,
Interp-η
(λ var : Syntax.base_type → Type,
 λ '(x15, x16, x14, x12, x10, x8, x6, x4, x2)%core,
 uint64_t x17 = (x8 >> 0x2e);
 uint64_t x18 = (x8 & 0x3fffffffffff);
 uint64_t x19 = (x15 >> 0x2e);
 uint64_t x20 = (x15 & 0x3fffffffffff);
 uint64_t x21 = ((0x400000000000 * x19) + x20);
 uint64_t x22 = (x21 >> 0x2e);
 uint64_t x23 = (x21 & 0x3fffffffffff);
 uint64_t x24 = ((x17 + x10) + (0x800000 * x22));
 uint64_t x25 = (x24 >> 0x2f);
 uint64_t x26 = (x24 & 0x7fffffffffff);
 uint64_t x27 = (x2 + x22);
 uint64_t x28 = (x27 >> 0x2f);
 uint64_t x29 = (x27 & 0x7fffffffffff);
 uint64_t x30 = (x25 + x12);
 uint64_t x31 = (x30 >> 0x2e);
 uint64_t x32 = (x30 & 0x3fffffffffff);
 uint64_t x33 = (x28 + x4);
 uint64_t x34 = (x33 >> 0x2e);
 uint64_t x35 = (x33 & 0x3fffffffffff);
 uint64_t x36 = (x31 + x14);
 uint64_t x37 = (x36 >> 0x2e);
 uint64_t x38 = (x36 & 0x3fffffffffff);
 uint64_t x39 = (x34 + x6);
 uint64_t x40 = (x39 >> 0x2e);
 uint64_t x41 = (x39 & 0x3fffffffffff);
 uint64_t x42 = (x37 + x16);
 uint64_t x43 = (x42 >> 0x2e);
 uint64_t x44 = (x42 & 0x3fffffffffff);
 uint64_t x45 = (x40 + x18);
 uint64_t x46 = (x45 >> 0x2e);
 uint64_t x47 = (x45 & 0x3fffffffffff);
 uint64_t x48 = (x43 + x23);
 uint64_t x49 = (x48 >> 0x2e);
 uint64_t x50 = (x48 & 0x3fffffffffff);
 uint64_t x51 = ((0x400000000000 * x49) + x50);
 uint64_t x52 = (x51 >> 0x2e);
 uint64_t x53 = (x51 & 0x3fffffffffff);
 uint64_t x54 = ((x46 + x26) + (0x800000 * x52));
 uint64_t x55 = (x54 >> 0x2f);
 uint64_t x56 = (x54 & 0x7fffffffffff);
 uint64_t x57 = (x29 + x52);
 uint64_t x58 = (x57 >> 0x2f);
 uint64_t x59 = (x57 & 0x7fffffffffff);
 return (Return x53, Return x44, Return x38, (x55 + x32), Return x56, Return x47, Return x41, (x58 + x35), Return x59))
x
     : word64 * word64 * word64 * word64 * word64 * word64 * word64 * word64 * word64 → ReturnType (uint64_t * uint64_t * uint64_t * uint64_t * uint64_t * uint64_t * uint64_t * uint64_t * uint64_t)
