λ x : word32 * word32 * word32 * word32 * word32 * word32 * word32 * word32 * word32 * word32 * word32 * word32 * word32 * word32 * word32 * word32 * word32 * word32 * word32 * word32,
Interp-η
(λ var : Syntax.base_type → Type,
 λ '(x37, x38, x36, x34, x32, x30, x28, x26, x24, x22, x20, x18, x16, x14, x12, x10, x8, x6, x4, x2)%core,
 uint32_t x40, uint8_t/*bool*/ x41 = subborrow_u25(0x0, x2, 0x1ffffef);
 uint32_t x43, uint8_t/*bool*/ x44 = Op (Syntax.SubWithGetBorrow 24 (Syntax.TWord 0) (Syntax.TWord 5) (Syntax.TWord 5) (Syntax.TWord 5) (Syntax.TWord 0)) (Return x41, Return x4, 0xffffff);
 uint32_t x46, uint8_t/*bool*/ x47 = subborrow_u25(x44, x6, 0x1ffffff);
 uint32_t x49, uint8_t/*bool*/ x50 = Op (Syntax.SubWithGetBorrow 24 (Syntax.TWord 0) (Syntax.TWord 5) (Syntax.TWord 5) (Syntax.TWord 5) (Syntax.TWord 0)) (Return x47, Return x8, 0xffffff);
 uint32_t x52, uint8_t/*bool*/ x53 = Op (Syntax.SubWithGetBorrow 24 (Syntax.TWord 0) (Syntax.TWord 5) (Syntax.TWord 5) (Syntax.TWord 5) (Syntax.TWord 0)) (Return x50, Return x10, 0xffffff);
 uint32_t x55, uint8_t/*bool*/ x56 = subborrow_u25(x53, x12, 0x1ffffff);
 uint32_t x58, uint8_t/*bool*/ x59 = Op (Syntax.SubWithGetBorrow 24 (Syntax.TWord 0) (Syntax.TWord 5) (Syntax.TWord 5) (Syntax.TWord 5) (Syntax.TWord 0)) (Return x56, Return x14, 0xffffff);
 uint32_t x61, uint8_t/*bool*/ x62 = subborrow_u25(x59, x16, 0x1ffffff);
 uint32_t x64, uint8_t/*bool*/ x65 = Op (Syntax.SubWithGetBorrow 24 (Syntax.TWord 0) (Syntax.TWord 5) (Syntax.TWord 5) (Syntax.TWord 5) (Syntax.TWord 0)) (Return x62, Return x18, 0xffffff);
 uint32_t x67, uint8_t/*bool*/ x68 = Op (Syntax.SubWithGetBorrow 24 (Syntax.TWord 0) (Syntax.TWord 5) (Syntax.TWord 5) (Syntax.TWord 5) (Syntax.TWord 0)) (Return x65, Return x20, 0xffffff);
 uint32_t x70, uint8_t/*bool*/ x71 = subborrow_u25(x68, x22, 0x1ffffff);
 uint32_t x73, uint8_t/*bool*/ x74 = Op (Syntax.SubWithGetBorrow 24 (Syntax.TWord 0) (Syntax.TWord 5) (Syntax.TWord 5) (Syntax.TWord 5) (Syntax.TWord 0)) (Return x71, Return x24, 0xffffff);
 uint32_t x76, uint8_t/*bool*/ x77 = subborrow_u25(x74, x26, 0x1ffffff);
 uint32_t x79, uint8_t/*bool*/ x80 = Op (Syntax.SubWithGetBorrow 24 (Syntax.TWord 0) (Syntax.TWord 5) (Syntax.TWord 5) (Syntax.TWord 5) (Syntax.TWord 0)) (Return x77, Return x28, 0xffffff);
 uint32_t x82, uint8_t/*bool*/ x83 = Op (Syntax.SubWithGetBorrow 24 (Syntax.TWord 0) (Syntax.TWord 5) (Syntax.TWord 5) (Syntax.TWord 5) (Syntax.TWord 0)) (Return x80, Return x30, 0xffffff);
 uint32_t x85, uint8_t/*bool*/ x86 = subborrow_u25(x83, x32, 0x1ffffff);
 uint32_t x88, uint8_t/*bool*/ x89 = Op (Syntax.SubWithGetBorrow 24 (Syntax.TWord 0) (Syntax.TWord 5) (Syntax.TWord 5) (Syntax.TWord 5) (Syntax.TWord 0)) (Return x86, Return x34, 0xffffff);
 uint32_t x91, uint8_t/*bool*/ x92 = subborrow_u25(x89, x36, 0x1ffffff);
 uint32_t x94, uint8_t/*bool*/ x95 = Op (Syntax.SubWithGetBorrow 24 (Syntax.TWord 0) (Syntax.TWord 5) (Syntax.TWord 5) (Syntax.TWord 5) (Syntax.TWord 0)) (Return x92, Return x38, 0xffffff);
 uint32_t x97, uint8_t/*bool*/ x98 = Op (Syntax.SubWithGetBorrow 24 (Syntax.TWord 0) (Syntax.TWord 5) (Syntax.TWord 5) (Syntax.TWord 5) (Syntax.TWord 0)) (Return x95, Return x37, 0xffffff);
 uint32_t x99 = cmovznz32(x98, 0x0, 0xffffffff);
 uint32_t x100 = (x99 & 0x1ffffef);
 uint32_t x102, uint8_t/*bool*/ x103 = addcarryx_u25(0x0, x40, x100);
 uint32_t x104 = (x99 & 0xffffff);
 uint32_t x106, uint8_t/*bool*/ x107 = Op (Syntax.AddWithGetCarry 24 (Syntax.TWord 0) (Syntax.TWord 5) (Syntax.TWord 5) (Syntax.TWord 5) (Syntax.TWord 0)) (Return x103, Return x43, Return x104);
 uint32_t x108 = (x99 & 0x1ffffff);
 uint32_t x110, uint8_t/*bool*/ x111 = addcarryx_u25(x107, x46, x108);
 uint32_t x112 = (x99 & 0xffffff);
 uint32_t x114, uint8_t/*bool*/ x115 = Op (Syntax.AddWithGetCarry 24 (Syntax.TWord 0) (Syntax.TWord 5) (Syntax.TWord 5) (Syntax.TWord 5) (Syntax.TWord 0)) (Return x111, Return x49, Return x112);
 uint32_t x116 = (x99 & 0xffffff);
 uint32_t x118, uint8_t/*bool*/ x119 = Op (Syntax.AddWithGetCarry 24 (Syntax.TWord 0) (Syntax.TWord 5) (Syntax.TWord 5) (Syntax.TWord 5) (Syntax.TWord 0)) (Return x115, Return x52, Return x116);
 uint32_t x120 = (x99 & 0x1ffffff);
 uint32_t x122, uint8_t/*bool*/ x123 = addcarryx_u25(x119, x55, x120);
 uint32_t x124 = (x99 & 0xffffff);
 uint32_t x126, uint8_t/*bool*/ x127 = Op (Syntax.AddWithGetCarry 24 (Syntax.TWord 0) (Syntax.TWord 5) (Syntax.TWord 5) (Syntax.TWord 5) (Syntax.TWord 0)) (Return x123, Return x58, Return x124);
 uint32_t x128 = (x99 & 0x1ffffff);
 uint32_t x130, uint8_t/*bool*/ x131 = addcarryx_u25(x127, x61, x128);
 uint32_t x132 = (x99 & 0xffffff);
 uint32_t x134, uint8_t/*bool*/ x135 = Op (Syntax.AddWithGetCarry 24 (Syntax.TWord 0) (Syntax.TWord 5) (Syntax.TWord 5) (Syntax.TWord 5) (Syntax.TWord 0)) (Return x131, Return x64, Return x132);
 uint32_t x136 = (x99 & 0xffffff);
 uint32_t x138, uint8_t/*bool*/ x139 = Op (Syntax.AddWithGetCarry 24 (Syntax.TWord 0) (Syntax.TWord 5) (Syntax.TWord 5) (Syntax.TWord 5) (Syntax.TWord 0)) (Return x135, Return x67, Return x136);
 uint32_t x140 = (x99 & 0x1ffffff);
 uint32_t x142, uint8_t/*bool*/ x143 = addcarryx_u25(x139, x70, x140);
 uint32_t x144 = (x99 & 0xffffff);
 uint32_t x146, uint8_t/*bool*/ x147 = Op (Syntax.AddWithGetCarry 24 (Syntax.TWord 0) (Syntax.TWord 5) (Syntax.TWord 5) (Syntax.TWord 5) (Syntax.TWord 0)) (Return x143, Return x73, Return x144);
 uint32_t x148 = (x99 & 0x1ffffff);
 uint32_t x150, uint8_t/*bool*/ x151 = addcarryx_u25(x147, x76, x148);
 uint32_t x152 = (x99 & 0xffffff);
 uint32_t x154, uint8_t/*bool*/ x155 = Op (Syntax.AddWithGetCarry 24 (Syntax.TWord 0) (Syntax.TWord 5) (Syntax.TWord 5) (Syntax.TWord 5) (Syntax.TWord 0)) (Return x151, Return x79, Return x152);
 uint32_t x156 = (x99 & 0xffffff);
 uint32_t x158, uint8_t/*bool*/ x159 = Op (Syntax.AddWithGetCarry 24 (Syntax.TWord 0) (Syntax.TWord 5) (Syntax.TWord 5) (Syntax.TWord 5) (Syntax.TWord 0)) (Return x155, Return x82, Return x156);
 uint32_t x160 = (x99 & 0x1ffffff);
 uint32_t x162, uint8_t/*bool*/ x163 = addcarryx_u25(x159, x85, x160);
 uint32_t x164 = (x99 & 0xffffff);
 uint32_t x166, uint8_t/*bool*/ x167 = Op (Syntax.AddWithGetCarry 24 (Syntax.TWord 0) (Syntax.TWord 5) (Syntax.TWord 5) (Syntax.TWord 5) (Syntax.TWord 0)) (Return x163, Return x88, Return x164);
 uint32_t x168 = (x99 & 0x1ffffff);
 uint32_t x170, uint8_t/*bool*/ x171 = addcarryx_u25(x167, x91, x168);
 uint32_t x172 = (x99 & 0xffffff);
 uint32_t x174, uint8_t/*bool*/ x175 = Op (Syntax.AddWithGetCarry 24 (Syntax.TWord 0) (Syntax.TWord 5) (Syntax.TWord 5) (Syntax.TWord 5) (Syntax.TWord 0)) (Return x171, Return x94, Return x172);
 uint32_t x176 = (x99 & 0xffffff);
 uint32_t x178, uint8_t/*bool*/ _ = Op (Syntax.AddWithGetCarry 24 (Syntax.TWord 0) (Syntax.TWord 5) (Syntax.TWord 5) (Syntax.TWord 5) (Syntax.TWord 0)) (Return x175, Return x97, Return x176);
 (Return x178, Return x174, Return x170, Return x166, Return x162, Return x158, Return x154, Return x150, Return x146, Return x142, Return x138, Return x134, Return x130, Return x126, Return x122, Return x118, Return x114, Return x110, Return x106, Return x102))
x
     : word32 * word32 * word32 * word32 * word32 * word32 * word32 * word32 * word32 * word32 * word32 * word32 * word32 * word32 * word32 * word32 * word32 * word32 * word32 * word32 → ReturnType (uint32_t * uint32_t * uint32_t * uint32_t * uint32_t * uint32_t * uint32_t * uint32_t * uint32_t * uint32_t * uint32_t * uint32_t * uint32_t * uint32_t * uint32_t * uint32_t * uint32_t * uint32_t * uint32_t * uint32_t)
