λ x x0 : word32 * word32 * word32 * word32 * word32 * word32 * word32 * word32 * word32 * word32 * word32 * word32 * word32 * word32 * word32 * word32 * word32 * word32 * word32 * word32 * word32 * word32 * word32 * word32,
Interp-η
(λ var : Syntax.base_type → Type,
 λ '(x48, x49, x47, x45, x43, x41, x39, x37, x35, x33, x31, x29, x27, x25, x23, x21, x19, x17, x15, x13, x11, x9, x7, x5, (x94, x95, x93, x91, x89, x87, x85, x83, x81, x79, x77, x75, x73, x71, x69, x67, x65, x63, x61, x59, x57, x55, x53, x51))%core,
 uint64_t x96 = (((uint64_t)x5 * x94) + ((0x2 * ((uint64_t)x7 * x95)) + (((uint64_t)x9 * x93) + (((uint64_t)x11 * x91) + ((0x2 * ((uint64_t)x13 * x89)) + (((uint64_t)x15 * x87) + (((uint64_t)x17 * x85) + ((0x2 * ((uint64_t)x19 * x83)) + (((uint64_t)x21 * x81) + (((uint64_t)x23 * x79) + ((0x2 * ((uint64_t)x25 * x77)) + (((uint64_t)x27 * x75) + (((uint64_t)x29 * x73) + ((0x2 * ((uint64_t)x31 * x71)) + (((uint64_t)x33 * x69) + (((uint64_t)x35 * x67) + ((0x2 * ((uint64_t)x37 * x65)) + (((uint64_t)x39 * x63) + (((uint64_t)x41 * x61) + ((0x2 * ((uint64_t)x43 * x59)) + (((uint64_t)x45 * x57) + (((uint64_t)x47 * x55) + ((0x2 * ((uint64_t)x49 * x53)) + ((uint64_t)x48 * x51))))))))))))))))))))))));
 uint64_t x97 = ((((uint64_t)x5 * x95) + (((uint64_t)x7 * x93) + (((uint64_t)x9 * x91) + (((uint64_t)x11 * x89) + (((uint64_t)x13 * x87) + (((uint64_t)x15 * x85) + (((uint64_t)x17 * x83) + (((uint64_t)x19 * x81) + (((uint64_t)x21 * x79) + (((uint64_t)x23 * x77) + (((uint64_t)x25 * x75) + (((uint64_t)x27 * x73) + (((uint64_t)x29 * x71) + (((uint64_t)x31 * x69) + (((uint64_t)x33 * x67) + (((uint64_t)x35 * x65) + (((uint64_t)x37 * x63) + (((uint64_t)x39 * x61) + (((uint64_t)x41 * x59) + (((uint64_t)x43 * x57) + (((uint64_t)x45 * x55) + (((uint64_t)x47 * x53) + ((uint64_t)x49 * x51))))))))))))))))))))))) + (0x239 * ((uint64_t)x48 * x94)));
 uint64_t x98 = ((((uint64_t)x5 * x93) + ((0x2 * ((uint64_t)x7 * x91)) + ((0x2 * ((uint64_t)x9 * x89)) + (((uint64_t)x11 * x87) + ((0x2 * ((uint64_t)x13 * x85)) + ((0x2 * ((uint64_t)x15 * x83)) + (((uint64_t)x17 * x81) + ((0x2 * ((uint64_t)x19 * x79)) + ((0x2 * ((uint64_t)x21 * x77)) + (((uint64_t)x23 * x75) + ((0x2 * ((uint64_t)x25 * x73)) + ((0x2 * ((uint64_t)x27 * x71)) + (((uint64_t)x29 * x69) + ((0x2 * ((uint64_t)x31 * x67)) + ((0x2 * ((uint64_t)x33 * x65)) + (((uint64_t)x35 * x63) + ((0x2 * ((uint64_t)x37 * x61)) + ((0x2 * ((uint64_t)x39 * x59)) + (((uint64_t)x41 * x57) + ((0x2 * ((uint64_t)x43 * x55)) + ((0x2 * ((uint64_t)x45 * x53)) + ((uint64_t)x47 * x51)))))))))))))))))))))) + (0x239 * ((0x2 * ((uint64_t)x49 * x94)) + (0x2 * ((uint64_t)x48 * x95)))));
 uint64_t x99 = ((((uint64_t)x5 * x91) + ((0x2 * ((uint64_t)x7 * x89)) + (((uint64_t)x9 * x87) + (((uint64_t)x11 * x85) + ((0x2 * ((uint64_t)x13 * x83)) + (((uint64_t)x15 * x81) + (((uint64_t)x17 * x79) + ((0x2 * ((uint64_t)x19 * x77)) + (((uint64_t)x21 * x75) + (((uint64_t)x23 * x73) + ((0x2 * ((uint64_t)x25 * x71)) + (((uint64_t)x27 * x69) + (((uint64_t)x29 * x67) + ((0x2 * ((uint64_t)x31 * x65)) + (((uint64_t)x33 * x63) + (((uint64_t)x35 * x61) + ((0x2 * ((uint64_t)x37 * x59)) + (((uint64_t)x39 * x57) + (((uint64_t)x41 * x55) + ((0x2 * ((uint64_t)x43 * x53)) + ((uint64_t)x45 * x51))))))))))))))))))))) + (0x239 * (((uint64_t)x47 * x94) + ((0x2 * ((uint64_t)x49 * x95)) + ((uint64_t)x48 * x93)))));
 uint64_t x100 = ((((uint64_t)x5 * x89) + (((uint64_t)x7 * x87) + (((uint64_t)x9 * x85) + (((uint64_t)x11 * x83) + (((uint64_t)x13 * x81) + (((uint64_t)x15 * x79) + (((uint64_t)x17 * x77) + (((uint64_t)x19 * x75) + (((uint64_t)x21 * x73) + (((uint64_t)x23 * x71) + (((uint64_t)x25 * x69) + (((uint64_t)x27 * x67) + (((uint64_t)x29 * x65) + (((uint64_t)x31 * x63) + (((uint64_t)x33 * x61) + (((uint64_t)x35 * x59) + (((uint64_t)x37 * x57) + (((uint64_t)x39 * x55) + (((uint64_t)x41 * x53) + ((uint64_t)x43 * x51)))))))))))))))))))) + (0x239 * (((uint64_t)x45 * x94) + (((uint64_t)x47 * x95) + (((uint64_t)x49 * x93) + ((uint64_t)x48 * x91))))));
 uint64_t x101 = ((((uint64_t)x5 * x87) + ((0x2 * ((uint64_t)x7 * x85)) + ((0x2 * ((uint64_t)x9 * x83)) + (((uint64_t)x11 * x81) + ((0x2 * ((uint64_t)x13 * x79)) + ((0x2 * ((uint64_t)x15 * x77)) + (((uint64_t)x17 * x75) + ((0x2 * ((uint64_t)x19 * x73)) + ((0x2 * ((uint64_t)x21 * x71)) + (((uint64_t)x23 * x69) + ((0x2 * ((uint64_t)x25 * x67)) + ((0x2 * ((uint64_t)x27 * x65)) + (((uint64_t)x29 * x63) + ((0x2 * ((uint64_t)x31 * x61)) + ((0x2 * ((uint64_t)x33 * x59)) + (((uint64_t)x35 * x57) + ((0x2 * ((uint64_t)x37 * x55)) + ((0x2 * ((uint64_t)x39 * x53)) + ((uint64_t)x41 * x51))))))))))))))))))) + (0x239 * ((0x2 * ((uint64_t)x43 * x94)) + ((0x2 * ((uint64_t)x45 * x95)) + (((uint64_t)x47 * x93) + ((0x2 * ((uint64_t)x49 * x91)) + (0x2 * ((uint64_t)x48 * x89))))))));
 uint64_t x102 = ((((uint64_t)x5 * x85) + ((0x2 * ((uint64_t)x7 * x83)) + (((uint64_t)x9 * x81) + (((uint64_t)x11 * x79) + ((0x2 * ((uint64_t)x13 * x77)) + (((uint64_t)x15 * x75) + (((uint64_t)x17 * x73) + ((0x2 * ((uint64_t)x19 * x71)) + (((uint64_t)x21 * x69) + (((uint64_t)x23 * x67) + ((0x2 * ((uint64_t)x25 * x65)) + (((uint64_t)x27 * x63) + (((uint64_t)x29 * x61) + ((0x2 * ((uint64_t)x31 * x59)) + (((uint64_t)x33 * x57) + (((uint64_t)x35 * x55) + ((0x2 * ((uint64_t)x37 * x53)) + ((uint64_t)x39 * x51)))))))))))))))))) + (0x239 * (((uint64_t)x41 * x94) + ((0x2 * ((uint64_t)x43 * x95)) + (((uint64_t)x45 * x93) + (((uint64_t)x47 * x91) + ((0x2 * ((uint64_t)x49 * x89)) + ((uint64_t)x48 * x87))))))));
 uint64_t x103 = ((((uint64_t)x5 * x83) + (((uint64_t)x7 * x81) + (((uint64_t)x9 * x79) + (((uint64_t)x11 * x77) + (((uint64_t)x13 * x75) + (((uint64_t)x15 * x73) + (((uint64_t)x17 * x71) + (((uint64_t)x19 * x69) + (((uint64_t)x21 * x67) + (((uint64_t)x23 * x65) + (((uint64_t)x25 * x63) + (((uint64_t)x27 * x61) + (((uint64_t)x29 * x59) + (((uint64_t)x31 * x57) + (((uint64_t)x33 * x55) + (((uint64_t)x35 * x53) + ((uint64_t)x37 * x51))))))))))))))))) + (0x239 * (((uint64_t)x39 * x94) + (((uint64_t)x41 * x95) + (((uint64_t)x43 * x93) + (((uint64_t)x45 * x91) + (((uint64_t)x47 * x89) + (((uint64_t)x49 * x87) + ((uint64_t)x48 * x85)))))))));
 uint64_t x104 = ((((uint64_t)x5 * x81) + ((0x2 * ((uint64_t)x7 * x79)) + ((0x2 * ((uint64_t)x9 * x77)) + (((uint64_t)x11 * x75) + ((0x2 * ((uint64_t)x13 * x73)) + ((0x2 * ((uint64_t)x15 * x71)) + (((uint64_t)x17 * x69) + ((0x2 * ((uint64_t)x19 * x67)) + ((0x2 * ((uint64_t)x21 * x65)) + (((uint64_t)x23 * x63) + ((0x2 * ((uint64_t)x25 * x61)) + ((0x2 * ((uint64_t)x27 * x59)) + (((uint64_t)x29 * x57) + ((0x2 * ((uint64_t)x31 * x55)) + ((0x2 * ((uint64_t)x33 * x53)) + ((uint64_t)x35 * x51)))))))))))))))) + (0x239 * ((0x2 * ((uint64_t)x37 * x94)) + ((0x2 * ((uint64_t)x39 * x95)) + (((uint64_t)x41 * x93) + ((0x2 * ((uint64_t)x43 * x91)) + ((0x2 * ((uint64_t)x45 * x89)) + (((uint64_t)x47 * x87) + ((0x2 * ((uint64_t)x49 * x85)) + (0x2 * ((uint64_t)x48 * x83)))))))))));
 uint64_t x105 = ((((uint64_t)x5 * x79) + ((0x2 * ((uint64_t)x7 * x77)) + (((uint64_t)x9 * x75) + (((uint64_t)x11 * x73) + ((0x2 * ((uint64_t)x13 * x71)) + (((uint64_t)x15 * x69) + (((uint64_t)x17 * x67) + ((0x2 * ((uint64_t)x19 * x65)) + (((uint64_t)x21 * x63) + (((uint64_t)x23 * x61) + ((0x2 * ((uint64_t)x25 * x59)) + (((uint64_t)x27 * x57) + (((uint64_t)x29 * x55) + ((0x2 * ((uint64_t)x31 * x53)) + ((uint64_t)x33 * x51))))))))))))))) + (0x239 * (((uint64_t)x35 * x94) + ((0x2 * ((uint64_t)x37 * x95)) + (((uint64_t)x39 * x93) + (((uint64_t)x41 * x91) + ((0x2 * ((uint64_t)x43 * x89)) + (((uint64_t)x45 * x87) + (((uint64_t)x47 * x85) + ((0x2 * ((uint64_t)x49 * x83)) + ((uint64_t)x48 * x81)))))))))));
 uint64_t x106 = ((((uint64_t)x5 * x77) + (((uint64_t)x7 * x75) + (((uint64_t)x9 * x73) + (((uint64_t)x11 * x71) + (((uint64_t)x13 * x69) + (((uint64_t)x15 * x67) + (((uint64_t)x17 * x65) + (((uint64_t)x19 * x63) + (((uint64_t)x21 * x61) + (((uint64_t)x23 * x59) + (((uint64_t)x25 * x57) + (((uint64_t)x27 * x55) + (((uint64_t)x29 * x53) + ((uint64_t)x31 * x51)))))))))))))) + (0x239 * (((uint64_t)x33 * x94) + (((uint64_t)x35 * x95) + (((uint64_t)x37 * x93) + (((uint64_t)x39 * x91) + (((uint64_t)x41 * x89) + (((uint64_t)x43 * x87) + (((uint64_t)x45 * x85) + (((uint64_t)x47 * x83) + (((uint64_t)x49 * x81) + ((uint64_t)x48 * x79))))))))))));
 uint64_t x107 = ((((uint64_t)x5 * x75) + ((0x2 * ((uint64_t)x7 * x73)) + ((0x2 * ((uint64_t)x9 * x71)) + (((uint64_t)x11 * x69) + ((0x2 * ((uint64_t)x13 * x67)) + ((0x2 * ((uint64_t)x15 * x65)) + (((uint64_t)x17 * x63) + ((0x2 * ((uint64_t)x19 * x61)) + ((0x2 * ((uint64_t)x21 * x59)) + (((uint64_t)x23 * x57) + ((0x2 * ((uint64_t)x25 * x55)) + ((0x2 * ((uint64_t)x27 * x53)) + ((uint64_t)x29 * x51))))))))))))) + (0x239 * ((0x2 * ((uint64_t)x31 * x94)) + ((0x2 * ((uint64_t)x33 * x95)) + (((uint64_t)x35 * x93) + ((0x2 * ((uint64_t)x37 * x91)) + ((0x2 * ((uint64_t)x39 * x89)) + (((uint64_t)x41 * x87) + ((0x2 * ((uint64_t)x43 * x85)) + ((0x2 * ((uint64_t)x45 * x83)) + (((uint64_t)x47 * x81) + ((0x2 * ((uint64_t)x49 * x79)) + (0x2 * ((uint64_t)x48 * x77))))))))))))));
 uint64_t x108 = ((((uint64_t)x5 * x73) + ((0x2 * ((uint64_t)x7 * x71)) + (((uint64_t)x9 * x69) + (((uint64_t)x11 * x67) + ((0x2 * ((uint64_t)x13 * x65)) + (((uint64_t)x15 * x63) + (((uint64_t)x17 * x61) + ((0x2 * ((uint64_t)x19 * x59)) + (((uint64_t)x21 * x57) + (((uint64_t)x23 * x55) + ((0x2 * ((uint64_t)x25 * x53)) + ((uint64_t)x27 * x51)))))))))))) + (0x239 * (((uint64_t)x29 * x94) + ((0x2 * ((uint64_t)x31 * x95)) + (((uint64_t)x33 * x93) + (((uint64_t)x35 * x91) + ((0x2 * ((uint64_t)x37 * x89)) + (((uint64_t)x39 * x87) + (((uint64_t)x41 * x85) + ((0x2 * ((uint64_t)x43 * x83)) + (((uint64_t)x45 * x81) + (((uint64_t)x47 * x79) + ((0x2 * ((uint64_t)x49 * x77)) + ((uint64_t)x48 * x75))))))))))))));
 uint64_t x109 = ((((uint64_t)x5 * x71) + (((uint64_t)x7 * x69) + (((uint64_t)x9 * x67) + (((uint64_t)x11 * x65) + (((uint64_t)x13 * x63) + (((uint64_t)x15 * x61) + (((uint64_t)x17 * x59) + (((uint64_t)x19 * x57) + (((uint64_t)x21 * x55) + (((uint64_t)x23 * x53) + ((uint64_t)x25 * x51))))))))))) + (0x239 * (((uint64_t)x27 * x94) + (((uint64_t)x29 * x95) + (((uint64_t)x31 * x93) + (((uint64_t)x33 * x91) + (((uint64_t)x35 * x89) + (((uint64_t)x37 * x87) + (((uint64_t)x39 * x85) + (((uint64_t)x41 * x83) + (((uint64_t)x43 * x81) + (((uint64_t)x45 * x79) + (((uint64_t)x47 * x77) + (((uint64_t)x49 * x75) + ((uint64_t)x48 * x73)))))))))))))));
 uint64_t x110 = ((((uint64_t)x5 * x69) + ((0x2 * ((uint64_t)x7 * x67)) + ((0x2 * ((uint64_t)x9 * x65)) + (((uint64_t)x11 * x63) + ((0x2 * ((uint64_t)x13 * x61)) + ((0x2 * ((uint64_t)x15 * x59)) + (((uint64_t)x17 * x57) + ((0x2 * ((uint64_t)x19 * x55)) + ((0x2 * ((uint64_t)x21 * x53)) + ((uint64_t)x23 * x51)))))))))) + (0x239 * ((0x2 * ((uint64_t)x25 * x94)) + ((0x2 * ((uint64_t)x27 * x95)) + (((uint64_t)x29 * x93) + ((0x2 * ((uint64_t)x31 * x91)) + ((0x2 * ((uint64_t)x33 * x89)) + (((uint64_t)x35 * x87) + ((0x2 * ((uint64_t)x37 * x85)) + ((0x2 * ((uint64_t)x39 * x83)) + (((uint64_t)x41 * x81) + ((0x2 * ((uint64_t)x43 * x79)) + ((0x2 * ((uint64_t)x45 * x77)) + (((uint64_t)x47 * x75) + ((0x2 * ((uint64_t)x49 * x73)) + (0x2 * ((uint64_t)x48 * x71)))))))))))))))));
 uint64_t x111 = ((((uint64_t)x5 * x67) + ((0x2 * ((uint64_t)x7 * x65)) + (((uint64_t)x9 * x63) + (((uint64_t)x11 * x61) + ((0x2 * ((uint64_t)x13 * x59)) + (((uint64_t)x15 * x57) + (((uint64_t)x17 * x55) + ((0x2 * ((uint64_t)x19 * x53)) + ((uint64_t)x21 * x51))))))))) + (0x239 * (((uint64_t)x23 * x94) + ((0x2 * ((uint64_t)x25 * x95)) + (((uint64_t)x27 * x93) + (((uint64_t)x29 * x91) + ((0x2 * ((uint64_t)x31 * x89)) + (((uint64_t)x33 * x87) + (((uint64_t)x35 * x85) + ((0x2 * ((uint64_t)x37 * x83)) + (((uint64_t)x39 * x81) + (((uint64_t)x41 * x79) + ((0x2 * ((uint64_t)x43 * x77)) + (((uint64_t)x45 * x75) + (((uint64_t)x47 * x73) + ((0x2 * ((uint64_t)x49 * x71)) + ((uint64_t)x48 * x69)))))))))))))))));
 uint64_t x112 = ((((uint64_t)x5 * x65) + (((uint64_t)x7 * x63) + (((uint64_t)x9 * x61) + (((uint64_t)x11 * x59) + (((uint64_t)x13 * x57) + (((uint64_t)x15 * x55) + (((uint64_t)x17 * x53) + ((uint64_t)x19 * x51)))))))) + (0x239 * (((uint64_t)x21 * x94) + (((uint64_t)x23 * x95) + (((uint64_t)x25 * x93) + (((uint64_t)x27 * x91) + (((uint64_t)x29 * x89) + (((uint64_t)x31 * x87) + (((uint64_t)x33 * x85) + (((uint64_t)x35 * x83) + (((uint64_t)x37 * x81) + (((uint64_t)x39 * x79) + (((uint64_t)x41 * x77) + (((uint64_t)x43 * x75) + (((uint64_t)x45 * x73) + (((uint64_t)x47 * x71) + (((uint64_t)x49 * x69) + ((uint64_t)x48 * x67))))))))))))))))));
 uint64_t x113 = ((((uint64_t)x5 * x63) + ((0x2 * ((uint64_t)x7 * x61)) + ((0x2 * ((uint64_t)x9 * x59)) + (((uint64_t)x11 * x57) + ((0x2 * ((uint64_t)x13 * x55)) + ((0x2 * ((uint64_t)x15 * x53)) + ((uint64_t)x17 * x51))))))) + (0x239 * ((0x2 * ((uint64_t)x19 * x94)) + ((0x2 * ((uint64_t)x21 * x95)) + (((uint64_t)x23 * x93) + ((0x2 * ((uint64_t)x25 * x91)) + ((0x2 * ((uint64_t)x27 * x89)) + (((uint64_t)x29 * x87) + ((0x2 * ((uint64_t)x31 * x85)) + ((0x2 * ((uint64_t)x33 * x83)) + (((uint64_t)x35 * x81) + ((0x2 * ((uint64_t)x37 * x79)) + ((0x2 * ((uint64_t)x39 * x77)) + (((uint64_t)x41 * x75) + ((0x2 * ((uint64_t)x43 * x73)) + ((0x2 * ((uint64_t)x45 * x71)) + (((uint64_t)x47 * x69) + ((0x2 * ((uint64_t)x49 * x67)) + (0x2 * ((uint64_t)x48 * x65))))))))))))))))))));
 uint64_t x114 = ((((uint64_t)x5 * x61) + ((0x2 * ((uint64_t)x7 * x59)) + (((uint64_t)x9 * x57) + (((uint64_t)x11 * x55) + ((0x2 * ((uint64_t)x13 * x53)) + ((uint64_t)x15 * x51)))))) + (0x239 * (((uint64_t)x17 * x94) + ((0x2 * ((uint64_t)x19 * x95)) + (((uint64_t)x21 * x93) + (((uint64_t)x23 * x91) + ((0x2 * ((uint64_t)x25 * x89)) + (((uint64_t)x27 * x87) + (((uint64_t)x29 * x85) + ((0x2 * ((uint64_t)x31 * x83)) + (((uint64_t)x33 * x81) + (((uint64_t)x35 * x79) + ((0x2 * ((uint64_t)x37 * x77)) + (((uint64_t)x39 * x75) + (((uint64_t)x41 * x73) + ((0x2 * ((uint64_t)x43 * x71)) + (((uint64_t)x45 * x69) + (((uint64_t)x47 * x67) + ((0x2 * ((uint64_t)x49 * x65)) + ((uint64_t)x48 * x63))))))))))))))))))));
 uint64_t x115 = ((((uint64_t)x5 * x59) + (((uint64_t)x7 * x57) + (((uint64_t)x9 * x55) + (((uint64_t)x11 * x53) + ((uint64_t)x13 * x51))))) + (0x239 * (((uint64_t)x15 * x94) + (((uint64_t)x17 * x95) + (((uint64_t)x19 * x93) + (((uint64_t)x21 * x91) + (((uint64_t)x23 * x89) + (((uint64_t)x25 * x87) + (((uint64_t)x27 * x85) + (((uint64_t)x29 * x83) + (((uint64_t)x31 * x81) + (((uint64_t)x33 * x79) + (((uint64_t)x35 * x77) + (((uint64_t)x37 * x75) + (((uint64_t)x39 * x73) + (((uint64_t)x41 * x71) + (((uint64_t)x43 * x69) + (((uint64_t)x45 * x67) + (((uint64_t)x47 * x65) + (((uint64_t)x49 * x63) + ((uint64_t)x48 * x61)))))))))))))))))))));
 uint64_t x116 = ((((uint64_t)x5 * x57) + ((0x2 * ((uint64_t)x7 * x55)) + ((0x2 * ((uint64_t)x9 * x53)) + ((uint64_t)x11 * x51)))) + (0x239 * ((0x2 * ((uint64_t)x13 * x94)) + ((0x2 * ((uint64_t)x15 * x95)) + (((uint64_t)x17 * x93) + ((0x2 * ((uint64_t)x19 * x91)) + ((0x2 * ((uint64_t)x21 * x89)) + (((uint64_t)x23 * x87) + ((0x2 * ((uint64_t)x25 * x85)) + ((0x2 * ((uint64_t)x27 * x83)) + (((uint64_t)x29 * x81) + ((0x2 * ((uint64_t)x31 * x79)) + ((0x2 * ((uint64_t)x33 * x77)) + (((uint64_t)x35 * x75) + ((0x2 * ((uint64_t)x37 * x73)) + ((0x2 * ((uint64_t)x39 * x71)) + (((uint64_t)x41 * x69) + ((0x2 * ((uint64_t)x43 * x67)) + ((0x2 * ((uint64_t)x45 * x65)) + (((uint64_t)x47 * x63) + ((0x2 * ((uint64_t)x49 * x61)) + (0x2 * ((uint64_t)x48 * x59)))))))))))))))))))))));
 uint64_t x117 = ((((uint64_t)x5 * x55) + ((0x2 * ((uint64_t)x7 * x53)) + ((uint64_t)x9 * x51))) + (0x239 * (((uint64_t)x11 * x94) + ((0x2 * ((uint64_t)x13 * x95)) + (((uint64_t)x15 * x93) + (((uint64_t)x17 * x91) + ((0x2 * ((uint64_t)x19 * x89)) + (((uint64_t)x21 * x87) + (((uint64_t)x23 * x85) + ((0x2 * ((uint64_t)x25 * x83)) + (((uint64_t)x27 * x81) + (((uint64_t)x29 * x79) + ((0x2 * ((uint64_t)x31 * x77)) + (((uint64_t)x33 * x75) + (((uint64_t)x35 * x73) + ((0x2 * ((uint64_t)x37 * x71)) + (((uint64_t)x39 * x69) + (((uint64_t)x41 * x67) + ((0x2 * ((uint64_t)x43 * x65)) + (((uint64_t)x45 * x63) + (((uint64_t)x47 * x61) + ((0x2 * ((uint64_t)x49 * x59)) + ((uint64_t)x48 * x57)))))))))))))))))))))));
 uint64_t x118 = ((((uint64_t)x5 * x53) + ((uint64_t)x7 * x51)) + (0x239 * (((uint64_t)x9 * x94) + (((uint64_t)x11 * x95) + (((uint64_t)x13 * x93) + (((uint64_t)x15 * x91) + (((uint64_t)x17 * x89) + (((uint64_t)x19 * x87) + (((uint64_t)x21 * x85) + (((uint64_t)x23 * x83) + (((uint64_t)x25 * x81) + (((uint64_t)x27 * x79) + (((uint64_t)x29 * x77) + (((uint64_t)x31 * x75) + (((uint64_t)x33 * x73) + (((uint64_t)x35 * x71) + (((uint64_t)x37 * x69) + (((uint64_t)x39 * x67) + (((uint64_t)x41 * x65) + (((uint64_t)x43 * x63) + (((uint64_t)x45 * x61) + (((uint64_t)x47 * x59) + (((uint64_t)x49 * x57) + ((uint64_t)x48 * x55))))))))))))))))))))))));
 uint64_t x119 = (((uint64_t)x5 * x51) + (0x239 * ((0x2 * ((uint64_t)x7 * x94)) + ((0x2 * ((uint64_t)x9 * x95)) + (((uint64_t)x11 * x93) + ((0x2 * ((uint64_t)x13 * x91)) + ((0x2 * ((uint64_t)x15 * x89)) + (((uint64_t)x17 * x87) + ((0x2 * ((uint64_t)x19 * x85)) + ((0x2 * ((uint64_t)x21 * x83)) + (((uint64_t)x23 * x81) + ((0x2 * ((uint64_t)x25 * x79)) + ((0x2 * ((uint64_t)x27 * x77)) + (((uint64_t)x29 * x75) + ((0x2 * ((uint64_t)x31 * x73)) + ((0x2 * ((uint64_t)x33 * x71)) + (((uint64_t)x35 * x69) + ((0x2 * ((uint64_t)x37 * x67)) + ((0x2 * ((uint64_t)x39 * x65)) + (((uint64_t)x41 * x63) + ((0x2 * ((uint64_t)x43 * x61)) + ((0x2 * ((uint64_t)x45 * x59)) + (((uint64_t)x47 * x57) + ((0x2 * ((uint64_t)x49 * x55)) + (0x2 * ((uint64_t)x48 * x53))))))))))))))))))))))))));
 uint64_t x120 = (x119 >> 0x16);
 uint32_t x121 = ((uint32_t)x119 & 0x3fffff);
 uint64_t x122 = (x120 + x118);
 uint64_t x123 = (x122 >> 0x15);
 uint32_t x124 = ((uint32_t)x122 & 0x1fffff);
 uint64_t x125 = (x123 + x117);
 uint64_t x126 = (x125 >> 0x15);
 uint32_t x127 = ((uint32_t)x125 & 0x1fffff);
 uint64_t x128 = (x126 + x116);
 uint64_t x129 = (x128 >> 0x16);
 uint32_t x130 = ((uint32_t)x128 & 0x3fffff);
 uint64_t x131 = (x129 + x115);
 uint64_t x132 = (x131 >> 0x15);
 uint32_t x133 = ((uint32_t)x131 & 0x1fffff);
 uint64_t x134 = (x132 + x114);
 uint64_t x135 = (x134 >> 0x15);
 uint32_t x136 = ((uint32_t)x134 & 0x1fffff);
 uint64_t x137 = (x135 + x113);
 uint64_t x138 = (x137 >> 0x16);
 uint32_t x139 = ((uint32_t)x137 & 0x3fffff);
 uint64_t x140 = (x138 + x112);
 uint64_t x141 = (x140 >> 0x15);
 uint32_t x142 = ((uint32_t)x140 & 0x1fffff);
 uint64_t x143 = (x141 + x111);
 uint64_t x144 = (x143 >> 0x15);
 uint32_t x145 = ((uint32_t)x143 & 0x1fffff);
 uint64_t x146 = (x144 + x110);
 uint64_t x147 = (x146 >> 0x16);
 uint32_t x148 = ((uint32_t)x146 & 0x3fffff);
 uint64_t x149 = (x147 + x109);
 uint64_t x150 = (x149 >> 0x15);
 uint32_t x151 = ((uint32_t)x149 & 0x1fffff);
 uint64_t x152 = (x150 + x108);
 uint64_t x153 = (x152 >> 0x15);
 uint32_t x154 = ((uint32_t)x152 & 0x1fffff);
 uint64_t x155 = (x153 + x107);
 uint64_t x156 = (x155 >> 0x16);
 uint32_t x157 = ((uint32_t)x155 & 0x3fffff);
 uint64_t x158 = (x156 + x106);
 uint64_t x159 = (x158 >> 0x15);
 uint32_t x160 = ((uint32_t)x158 & 0x1fffff);
 uint64_t x161 = (x159 + x105);
 uint64_t x162 = (x161 >> 0x15);
 uint32_t x163 = ((uint32_t)x161 & 0x1fffff);
 uint64_t x164 = (x162 + x104);
 uint64_t x165 = (x164 >> 0x16);
 uint32_t x166 = ((uint32_t)x164 & 0x3fffff);
 uint64_t x167 = (x165 + x103);
 uint64_t x168 = (x167 >> 0x15);
 uint32_t x169 = ((uint32_t)x167 & 0x1fffff);
 uint64_t x170 = (x168 + x102);
 uint64_t x171 = (x170 >> 0x15);
 uint32_t x172 = ((uint32_t)x170 & 0x1fffff);
 uint64_t x173 = (x171 + x101);
 uint64_t x174 = (x173 >> 0x16);
 uint32_t x175 = ((uint32_t)x173 & 0x3fffff);
 uint64_t x176 = (x174 + x100);
 uint64_t x177 = (x176 >> 0x15);
 uint32_t x178 = ((uint32_t)x176 & 0x1fffff);
 uint64_t x179 = (x177 + x99);
 uint64_t x180 = (x179 >> 0x15);
 uint32_t x181 = ((uint32_t)x179 & 0x1fffff);
 uint64_t x182 = (x180 + x98);
 uint64_t x183 = (x182 >> 0x16);
 uint32_t x184 = ((uint32_t)x182 & 0x3fffff);
 uint64_t x185 = (x183 + x97);
 uint64_t x186 = (x185 >> 0x15);
 uint32_t x187 = ((uint32_t)x185 & 0x1fffff);
 uint64_t x188 = (x186 + x96);
 uint32_t x189 = (uint32_t) (x188 >> 0x15);
 uint32_t x190 = ((uint32_t)x188 & 0x1fffff);
 uint64_t x191 = (x121 + ((uint64_t)0x239 * x189));
 uint32_t x192 = (uint32_t) (x191 >> 0x16);
 uint32_t x193 = ((uint32_t)x191 & 0x3fffff);
 uint32_t x194 = (x192 + x124);
 uint32_t x195 = (x194 >> 0x15);
 uint32_t x196 = (x194 & 0x1fffff);
 return (Return x190, Return x187, Return x184, Return x181, Return x178, Return x175, Return x172, Return x169, Return x166, Return x163, Return x160, Return x157, Return x154, Return x151, Return x148, Return x145, Return x142, Return x139, Return x136, Return x133, Return x130, (x195 + x127), Return x196, Return x193))
(x, x0)%core
     : word32 * word32 * word32 * word32 * word32 * word32 * word32 * word32 * word32 * word32 * word32 * word32 * word32 * word32 * word32 * word32 * word32 * word32 * word32 * word32 * word32 * word32 * word32 * word32 → word32 * word32 * word32 * word32 * word32 * word32 * word32 * word32 * word32 * word32 * word32 * word32 * word32 * word32 * word32 * word32 * word32 * word32 * word32 * word32 * word32 * word32 * word32 * word32 → ReturnType (uint32_t * uint32_t * uint32_t * uint32_t * uint32_t * uint32_t * uint32_t * uint32_t * uint32_t * uint32_t * uint32_t * uint32_t * uint32_t * uint32_t * uint32_t * uint32_t * uint32_t * uint32_t * uint32_t * uint32_t * uint32_t * uint32_t * uint32_t * uint32_t)
