λ x : word32 * word32 * word32 * word32 * word32 * word32 * word32 * word32 * word32,
Interp-η
(λ var : Syntax.base_type → Type,
 λ '(x15, x16, x14, x12, x10, x8, x6, x4, x2)%core,
 uint32_t x18, uint8_t/*bool*/ x19 = subborrow_u25(0x0, x2, 0x1ffff8b);
 uint32_t x21, uint8_t/*bool*/ x22 = subborrow_u25(x19, x4, 0x1ffffff);
 uint32_t x24, uint8_t/*bool*/ x25 = Op (Syntax.SubWithGetBorrow 24 (Syntax.TWord 0) (Syntax.TWord 5) (Syntax.TWord 5) (Syntax.TWord 5) (Syntax.TWord 0)) (Return x22, Return x6, 0xffffff);
 uint32_t x27, uint8_t/*bool*/ x28 = subborrow_u25(x25, x8, 0x1ffffff);
 uint32_t x30, uint8_t/*bool*/ x31 = subborrow_u25(x28, x10, 0x1ffffff);
 uint32_t x33, uint8_t/*bool*/ x34 = Op (Syntax.SubWithGetBorrow 24 (Syntax.TWord 0) (Syntax.TWord 5) (Syntax.TWord 5) (Syntax.TWord 5) (Syntax.TWord 0)) (Return x31, Return x12, 0xffffff);
 uint32_t x36, uint8_t/*bool*/ x37 = subborrow_u25(x34, x14, 0x1ffffff);
 uint32_t x39, uint8_t/*bool*/ x40 = subborrow_u25(x37, x16, 0x1ffffff);
 uint32_t x42, uint8_t/*bool*/ x43 = Op (Syntax.SubWithGetBorrow 24 (Syntax.TWord 0) (Syntax.TWord 5) (Syntax.TWord 5) (Syntax.TWord 5) (Syntax.TWord 0)) (Return x40, Return x15, 0xffffff);
 uint32_t x44 = cmovznz32(x43, 0x0, 0xffffffff);
 uint32_t x45 = (x44 & 0x1ffff8b);
 uint32_t x47, uint8_t/*bool*/ x48 = addcarryx_u25(0x0, x18, x45);
 uint32_t x49 = (x44 & 0x1ffffff);
 uint32_t x51, uint8_t/*bool*/ x52 = addcarryx_u25(x48, x21, x49);
 uint32_t x53 = (x44 & 0xffffff);
 uint32_t x55, uint8_t/*bool*/ x56 = Op (Syntax.AddWithGetCarry 24 (Syntax.TWord 0) (Syntax.TWord 5) (Syntax.TWord 5) (Syntax.TWord 5) (Syntax.TWord 0)) (Return x52, Return x24, Return x53);
 uint32_t x57 = (x44 & 0x1ffffff);
 uint32_t x59, uint8_t/*bool*/ x60 = addcarryx_u25(x56, x27, x57);
 uint32_t x61 = (x44 & 0x1ffffff);
 uint32_t x63, uint8_t/*bool*/ x64 = addcarryx_u25(x60, x30, x61);
 uint32_t x65 = (x44 & 0xffffff);
 uint32_t x67, uint8_t/*bool*/ x68 = Op (Syntax.AddWithGetCarry 24 (Syntax.TWord 0) (Syntax.TWord 5) (Syntax.TWord 5) (Syntax.TWord 5) (Syntax.TWord 0)) (Return x64, Return x33, Return x65);
 uint32_t x69 = (x44 & 0x1ffffff);
 uint32_t x71, uint8_t/*bool*/ x72 = addcarryx_u25(x68, x36, x69);
 uint32_t x73 = (x44 & 0x1ffffff);
 uint32_t x75, uint8_t/*bool*/ x76 = addcarryx_u25(x72, x39, x73);
 uint32_t x77 = (x44 & 0xffffff);
 uint32_t x79, uint8_t/*bool*/ _ = Op (Syntax.AddWithGetCarry 24 (Syntax.TWord 0) (Syntax.TWord 5) (Syntax.TWord 5) (Syntax.TWord 5) (Syntax.TWord 0)) (Return x76, Return x42, Return x77);
 (Return x79, Return x75, Return x71, Return x67, Return x63, Return x59, Return x55, Return x51, Return x47))
x
     : word32 * word32 * word32 * word32 * word32 * word32 * word32 * word32 * word32 → ReturnType (uint32_t * uint32_t * uint32_t * uint32_t * uint32_t * uint32_t * uint32_t * uint32_t * uint32_t)
