λ x x0 : word32 * word32 * word32 * word32 * word32 * word32 * word32,
Interp-η
(λ var : Syntax.base_type → Type,
 λ '(x14, x15, x13, x11, x9, x7, x5, (x26, x27, x25, x23, x21, x19, x17))%core,
 uint32_t x29, uint8_t/*bool*/ x30 = subborrow_u32(0x0, x5, x17);
 uint32_t x32, uint8_t/*bool*/ x33 = subborrow_u32(x30, x7, x19);
 uint32_t x35, uint8_t/*bool*/ x36 = subborrow_u32(x33, x9, x21);
 uint32_t x38, uint8_t/*bool*/ x39 = subborrow_u32(x36, x11, x23);
 uint32_t x41, uint8_t/*bool*/ x42 = subborrow_u32(x39, x13, x25);
 uint32_t x44, uint8_t/*bool*/ x45 = subborrow_u32(x42, x15, x27);
 uint32_t x47, uint8_t/*bool*/ x48 = subborrow_u32(x45, x14, x26);
 uint32_t x49 = cmovznz32(x48, 0x0, 0xffffffff);
 uint32_t x50 = (x49 & 0xfffffff1);
 uint32_t x52, uint8_t/*bool*/ x53 = addcarryx_u32(0x0, x29, x50);
 uint32_t x54 = (x49 & 0xffffffff);
 uint32_t x56, uint8_t/*bool*/ x57 = addcarryx_u32(x53, x32, x54);
 uint32_t x58 = (x49 & 0xffffffff);
 uint32_t x60, uint8_t/*bool*/ x61 = addcarryx_u32(x57, x35, x58);
 uint32_t x62 = (x49 & 0xffffffff);
 uint32_t x64, uint8_t/*bool*/ x65 = addcarryx_u32(x61, x38, x62);
 uint32_t x66 = (x49 & 0xffffffff);
 uint32_t x68, uint8_t/*bool*/ x69 = addcarryx_u32(x65, x41, x66);
 uint32_t x70 = (x49 & 0xffffffff);
 uint32_t x72, uint8_t/*bool*/ x73 = addcarryx_u32(x69, x44, x70);
 uint8_t x74 = ((uint8_t)x49 & 0xf);
 uint32_t x76, uint8_t/*bool*/ _ = addcarryx_u32(x73, x47, x74);
 (Return x76, Return x72, Return x68, Return x64, Return x60, Return x56, Return x52))
(x, x0)%core
     : word32 * word32 * word32 * word32 * word32 * word32 * word32 → word32 * word32 * word32 * word32 * word32 * word32 * word32 → ReturnType (uint32_t * uint32_t * uint32_t * uint32_t * uint32_t * uint32_t * uint32_t)
