λ x x0 : word64 * word64 * word64 * word64 * word64 * word64,
Interp-η
(λ var : Syntax.base_type → Type,
 λ '(x12, x13, x11, x9, x7, x5, (x22, x23, x21, x19, x17, x15))%core,
 uint64_t x25, uint64_t x26 = mulx_u64(x5, x15);
 uint64_t x28, uint64_t x29 = mulx_u64(x5, x17);
 uint64_t x31, uint64_t x32 = mulx_u64(x5, x19);
 uint64_t x34, uint64_t x35 = mulx_u64(x5, x21);
 uint64_t x37, uint64_t x38 = mulx_u64(x5, x23);
 uint64_t x40, uint64_t x41 = mulx_u64(x5, x22);
 uint64_t x43, uint8_t/*bool*/ x44 = addcarryx_u64(0x0, x26, x28);
 uint64_t x46, uint8_t/*bool*/ x47 = addcarryx_u64(x44, x29, x31);
 uint64_t x49, uint8_t/*bool*/ x50 = addcarryx_u64(x47, x32, x34);
 uint64_t x52, uint8_t/*bool*/ x53 = addcarryx_u64(x50, x35, x37);
 uint64_t x55, uint8_t/*bool*/ x56 = addcarryx_u64(x53, x38, x40);
 uint64_t x58, uint8_t/*bool*/ _ = addcarryx_u64(0x0, x56, x41);
 uint64_t x61, uint64_t x62 = mulx_u64(x25, 0xffffffffffffffffL);
 uint64_t x64, uint64_t x65 = mulx_u64(x25, 0xffffffffffffffffL);
 uint64_t x67, uint64_t x68 = mulx_u64(x25, 0xfffffffdffffffffL);
 uint64_t x70, uint64_t x71 = mulx_u64(x25, 0xffffffffffffffffL);
 uint64_t x73, uint64_t x74 = mulx_u64(x25, 0xffffffffffffffffL);
 uint64_t x76, uint8_t x77 = mulx_u64_out_u8(x25, 0x3);
 uint64_t x79, uint8_t/*bool*/ x80 = addcarryx_u64(0x0, x62, x64);
 uint64_t x82, uint8_t/*bool*/ x83 = addcarryx_u64(x80, x65, x67);
 uint64_t x85, uint8_t/*bool*/ x86 = addcarryx_u64(x83, x68, x70);
 uint64_t x88, uint8_t/*bool*/ x89 = addcarryx_u64(x86, x71, x73);
 uint64_t x91, uint8_t/*bool*/ x92 = addcarryx_u64(x89, x74, x76);
 uint8_t x93 = ((uint8_t)0x0 + x92);
 uint8_t x94 = (x93 + x77);
 uint64_t _, uint8_t/*bool*/ x97 = addcarryx_u64(0x0, x25, x61);
 uint64_t x99, uint8_t/*bool*/ x100 = addcarryx_u64(x97, x43, x79);
 uint64_t x102, uint8_t/*bool*/ x103 = addcarryx_u64(x100, x46, x82);
 uint64_t x105, uint8_t/*bool*/ x106 = addcarryx_u64(x103, x49, x85);
 uint64_t x108, uint8_t/*bool*/ x109 = addcarryx_u64(x106, x52, x88);
 uint64_t x111, uint8_t/*bool*/ x112 = addcarryx_u64(x109, x55, x91);
 uint64_t x114, uint8_t/*bool*/ x115 = addcarryx_u64(x112, x58, x94);
 uint64_t x117, uint64_t x118 = mulx_u64(x7, x15);
 uint64_t x120, uint64_t x121 = mulx_u64(x7, x17);
 uint64_t x123, uint64_t x124 = mulx_u64(x7, x19);
 uint64_t x126, uint64_t x127 = mulx_u64(x7, x21);
 uint64_t x129, uint64_t x130 = mulx_u64(x7, x23);
 uint64_t x132, uint64_t x133 = mulx_u64(x7, x22);
 uint64_t x135, uint8_t/*bool*/ x136 = addcarryx_u64(0x0, x118, x120);
 uint64_t x138, uint8_t/*bool*/ x139 = addcarryx_u64(x136, x121, x123);
 uint64_t x141, uint8_t/*bool*/ x142 = addcarryx_u64(x139, x124, x126);
 uint64_t x144, uint8_t/*bool*/ x145 = addcarryx_u64(x142, x127, x129);
 uint64_t x147, uint8_t/*bool*/ x148 = addcarryx_u64(x145, x130, x132);
 uint64_t x150, uint8_t/*bool*/ _ = addcarryx_u64(0x0, x148, x133);
 uint64_t x153, uint8_t/*bool*/ x154 = addcarryx_u64(0x0, x99, x117);
 uint64_t x156, uint8_t/*bool*/ x157 = addcarryx_u64(x154, x102, x135);
 uint64_t x159, uint8_t/*bool*/ x160 = addcarryx_u64(x157, x105, x138);
 uint64_t x162, uint8_t/*bool*/ x163 = addcarryx_u64(x160, x108, x141);
 uint64_t x165, uint8_t/*bool*/ x166 = addcarryx_u64(x163, x111, x144);
 uint64_t x168, uint8_t/*bool*/ x169 = addcarryx_u64(x166, x114, x147);
 uint64_t x171, uint8_t/*bool*/ x172 = addcarryx_u64(x169, x115, x150);
 uint64_t x174, uint64_t x175 = mulx_u64(x153, 0xffffffffffffffffL);
 uint64_t x177, uint64_t x178 = mulx_u64(x153, 0xffffffffffffffffL);
 uint64_t x180, uint64_t x181 = mulx_u64(x153, 0xfffffffdffffffffL);
 uint64_t x183, uint64_t x184 = mulx_u64(x153, 0xffffffffffffffffL);
 uint64_t x186, uint64_t x187 = mulx_u64(x153, 0xffffffffffffffffL);
 uint64_t x189, uint8_t x190 = mulx_u64_out_u8(x153, 0x3);
 uint64_t x192, uint8_t/*bool*/ x193 = addcarryx_u64(0x0, x175, x177);
 uint64_t x195, uint8_t/*bool*/ x196 = addcarryx_u64(x193, x178, x180);
 uint64_t x198, uint8_t/*bool*/ x199 = addcarryx_u64(x196, x181, x183);
 uint64_t x201, uint8_t/*bool*/ x202 = addcarryx_u64(x199, x184, x186);
 uint64_t x204, uint8_t/*bool*/ x205 = addcarryx_u64(x202, x187, x189);
 uint8_t x206 = ((uint8_t)0x0 + x205);
 uint8_t x207 = (x206 + x190);
 uint64_t _, uint8_t/*bool*/ x210 = addcarryx_u64(0x0, x153, x174);
 uint64_t x212, uint8_t/*bool*/ x213 = addcarryx_u64(x210, x156, x192);
 uint64_t x215, uint8_t/*bool*/ x216 = addcarryx_u64(x213, x159, x195);
 uint64_t x218, uint8_t/*bool*/ x219 = addcarryx_u64(x216, x162, x198);
 uint64_t x221, uint8_t/*bool*/ x222 = addcarryx_u64(x219, x165, x201);
 uint64_t x224, uint8_t/*bool*/ x225 = addcarryx_u64(x222, x168, x204);
 uint64_t x227, uint8_t/*bool*/ x228 = addcarryx_u64(x225, x171, x207);
 uint8_t x229 = ((uint8_t)x228 + x172);
 uint64_t x231, uint64_t x232 = mulx_u64(x9, x15);
 uint64_t x234, uint64_t x235 = mulx_u64(x9, x17);
 uint64_t x237, uint64_t x238 = mulx_u64(x9, x19);
 uint64_t x240, uint64_t x241 = mulx_u64(x9, x21);
 uint64_t x243, uint64_t x244 = mulx_u64(x9, x23);
 uint64_t x246, uint64_t x247 = mulx_u64(x9, x22);
 uint64_t x249, uint8_t/*bool*/ x250 = addcarryx_u64(0x0, x232, x234);
 uint64_t x252, uint8_t/*bool*/ x253 = addcarryx_u64(x250, x235, x237);
 uint64_t x255, uint8_t/*bool*/ x256 = addcarryx_u64(x253, x238, x240);
 uint64_t x258, uint8_t/*bool*/ x259 = addcarryx_u64(x256, x241, x243);
 uint64_t x261, uint8_t/*bool*/ x262 = addcarryx_u64(x259, x244, x246);
 uint64_t x264, uint8_t/*bool*/ _ = addcarryx_u64(0x0, x262, x247);
 uint64_t x267, uint8_t/*bool*/ x268 = addcarryx_u64(0x0, x212, x231);
 uint64_t x270, uint8_t/*bool*/ x271 = addcarryx_u64(x268, x215, x249);
 uint64_t x273, uint8_t/*bool*/ x274 = addcarryx_u64(x271, x218, x252);
 uint64_t x276, uint8_t/*bool*/ x277 = addcarryx_u64(x274, x221, x255);
 uint64_t x279, uint8_t/*bool*/ x280 = addcarryx_u64(x277, x224, x258);
 uint64_t x282, uint8_t/*bool*/ x283 = addcarryx_u64(x280, x227, x261);
 uint64_t x285, uint8_t/*bool*/ x286 = addcarryx_u64(x283, x229, x264);
 uint64_t x288, uint64_t x289 = mulx_u64(x267, 0xffffffffffffffffL);
 uint64_t x291, uint64_t x292 = mulx_u64(x267, 0xffffffffffffffffL);
 uint64_t x294, uint64_t x295 = mulx_u64(x267, 0xfffffffdffffffffL);
 uint64_t x297, uint64_t x298 = mulx_u64(x267, 0xffffffffffffffffL);
 uint64_t x300, uint64_t x301 = mulx_u64(x267, 0xffffffffffffffffL);
 uint64_t x303, uint8_t x304 = mulx_u64_out_u8(x267, 0x3);
 uint64_t x306, uint8_t/*bool*/ x307 = addcarryx_u64(0x0, x289, x291);
 uint64_t x309, uint8_t/*bool*/ x310 = addcarryx_u64(x307, x292, x294);
 uint64_t x312, uint8_t/*bool*/ x313 = addcarryx_u64(x310, x295, x297);
 uint64_t x315, uint8_t/*bool*/ x316 = addcarryx_u64(x313, x298, x300);
 uint64_t x318, uint8_t/*bool*/ x319 = addcarryx_u64(x316, x301, x303);
 uint8_t x320 = ((uint8_t)0x0 + x319);
 uint8_t x321 = (x320 + x304);
 uint64_t _, uint8_t/*bool*/ x324 = addcarryx_u64(0x0, x267, x288);
 uint64_t x326, uint8_t/*bool*/ x327 = addcarryx_u64(x324, x270, x306);
 uint64_t x329, uint8_t/*bool*/ x330 = addcarryx_u64(x327, x273, x309);
 uint64_t x332, uint8_t/*bool*/ x333 = addcarryx_u64(x330, x276, x312);
 uint64_t x335, uint8_t/*bool*/ x336 = addcarryx_u64(x333, x279, x315);
 uint64_t x338, uint8_t/*bool*/ x339 = addcarryx_u64(x336, x282, x318);
 uint64_t x341, uint8_t/*bool*/ x342 = addcarryx_u64(x339, x285, x321);
 uint8_t x343 = ((uint8_t)x342 + x286);
 uint64_t x345, uint64_t x346 = mulx_u64(x11, x15);
 uint64_t x348, uint64_t x349 = mulx_u64(x11, x17);
 uint64_t x351, uint64_t x352 = mulx_u64(x11, x19);
 uint64_t x354, uint64_t x355 = mulx_u64(x11, x21);
 uint64_t x357, uint64_t x358 = mulx_u64(x11, x23);
 uint64_t x360, uint64_t x361 = mulx_u64(x11, x22);
 uint64_t x363, uint8_t/*bool*/ x364 = addcarryx_u64(0x0, x346, x348);
 uint64_t x366, uint8_t/*bool*/ x367 = addcarryx_u64(x364, x349, x351);
 uint64_t x369, uint8_t/*bool*/ x370 = addcarryx_u64(x367, x352, x354);
 uint64_t x372, uint8_t/*bool*/ x373 = addcarryx_u64(x370, x355, x357);
 uint64_t x375, uint8_t/*bool*/ x376 = addcarryx_u64(x373, x358, x360);
 uint64_t x378, uint8_t/*bool*/ _ = addcarryx_u64(0x0, x376, x361);
 uint64_t x381, uint8_t/*bool*/ x382 = addcarryx_u64(0x0, x326, x345);
 uint64_t x384, uint8_t/*bool*/ x385 = addcarryx_u64(x382, x329, x363);
 uint64_t x387, uint8_t/*bool*/ x388 = addcarryx_u64(x385, x332, x366);
 uint64_t x390, uint8_t/*bool*/ x391 = addcarryx_u64(x388, x335, x369);
 uint64_t x393, uint8_t/*bool*/ x394 = addcarryx_u64(x391, x338, x372);
 uint64_t x396, uint8_t/*bool*/ x397 = addcarryx_u64(x394, x341, x375);
 uint64_t x399, uint8_t/*bool*/ x400 = addcarryx_u64(x397, x343, x378);
 uint64_t x402, uint64_t x403 = mulx_u64(x381, 0xffffffffffffffffL);
 uint64_t x405, uint64_t x406 = mulx_u64(x381, 0xffffffffffffffffL);
 uint64_t x408, uint64_t x409 = mulx_u64(x381, 0xfffffffdffffffffL);
 uint64_t x411, uint64_t x412 = mulx_u64(x381, 0xffffffffffffffffL);
 uint64_t x414, uint64_t x415 = mulx_u64(x381, 0xffffffffffffffffL);
 uint64_t x417, uint8_t x418 = mulx_u64_out_u8(x381, 0x3);
 uint64_t x420, uint8_t/*bool*/ x421 = addcarryx_u64(0x0, x403, x405);
 uint64_t x423, uint8_t/*bool*/ x424 = addcarryx_u64(x421, x406, x408);
 uint64_t x426, uint8_t/*bool*/ x427 = addcarryx_u64(x424, x409, x411);
 uint64_t x429, uint8_t/*bool*/ x430 = addcarryx_u64(x427, x412, x414);
 uint64_t x432, uint8_t/*bool*/ x433 = addcarryx_u64(x430, x415, x417);
 uint8_t x434 = ((uint8_t)0x0 + x433);
 uint8_t x435 = (x434 + x418);
 uint64_t _, uint8_t/*bool*/ x438 = addcarryx_u64(0x0, x381, x402);
 uint64_t x440, uint8_t/*bool*/ x441 = addcarryx_u64(x438, x384, x420);
 uint64_t x443, uint8_t/*bool*/ x444 = addcarryx_u64(x441, x387, x423);
 uint64_t x446, uint8_t/*bool*/ x447 = addcarryx_u64(x444, x390, x426);
 uint64_t x449, uint8_t/*bool*/ x450 = addcarryx_u64(x447, x393, x429);
 uint64_t x452, uint8_t/*bool*/ x453 = addcarryx_u64(x450, x396, x432);
 uint64_t x455, uint8_t/*bool*/ x456 = addcarryx_u64(x453, x399, x435);
 uint8_t x457 = ((uint8_t)x456 + x400);
 uint64_t x459, uint64_t x460 = mulx_u64(x13, x15);
 uint64_t x462, uint64_t x463 = mulx_u64(x13, x17);
 uint64_t x465, uint64_t x466 = mulx_u64(x13, x19);
 uint64_t x468, uint64_t x469 = mulx_u64(x13, x21);
 uint64_t x471, uint64_t x472 = mulx_u64(x13, x23);
 uint64_t x474, uint64_t x475 = mulx_u64(x13, x22);
 uint64_t x477, uint8_t/*bool*/ x478 = addcarryx_u64(0x0, x460, x462);
 uint64_t x480, uint8_t/*bool*/ x481 = addcarryx_u64(x478, x463, x465);
 uint64_t x483, uint8_t/*bool*/ x484 = addcarryx_u64(x481, x466, x468);
 uint64_t x486, uint8_t/*bool*/ x487 = addcarryx_u64(x484, x469, x471);
 uint64_t x489, uint8_t/*bool*/ x490 = addcarryx_u64(x487, x472, x474);
 uint64_t x492, uint8_t/*bool*/ _ = addcarryx_u64(0x0, x490, x475);
 uint64_t x495, uint8_t/*bool*/ x496 = addcarryx_u64(0x0, x440, x459);
 uint64_t x498, uint8_t/*bool*/ x499 = addcarryx_u64(x496, x443, x477);
 uint64_t x501, uint8_t/*bool*/ x502 = addcarryx_u64(x499, x446, x480);
 uint64_t x504, uint8_t/*bool*/ x505 = addcarryx_u64(x502, x449, x483);
 uint64_t x507, uint8_t/*bool*/ x508 = addcarryx_u64(x505, x452, x486);
 uint64_t x510, uint8_t/*bool*/ x511 = addcarryx_u64(x508, x455, x489);
 uint64_t x513, uint8_t/*bool*/ x514 = addcarryx_u64(x511, x457, x492);
 uint64_t x516, uint64_t x517 = mulx_u64(x495, 0xffffffffffffffffL);
 uint64_t x519, uint64_t x520 = mulx_u64(x495, 0xffffffffffffffffL);
 uint64_t x522, uint64_t x523 = mulx_u64(x495, 0xfffffffdffffffffL);
 uint64_t x525, uint64_t x526 = mulx_u64(x495, 0xffffffffffffffffL);
 uint64_t x528, uint64_t x529 = mulx_u64(x495, 0xffffffffffffffffL);
 uint64_t x531, uint8_t x532 = mulx_u64_out_u8(x495, 0x3);
 uint64_t x534, uint8_t/*bool*/ x535 = addcarryx_u64(0x0, x517, x519);
 uint64_t x537, uint8_t/*bool*/ x538 = addcarryx_u64(x535, x520, x522);
 uint64_t x540, uint8_t/*bool*/ x541 = addcarryx_u64(x538, x523, x525);
 uint64_t x543, uint8_t/*bool*/ x544 = addcarryx_u64(x541, x526, x528);
 uint64_t x546, uint8_t/*bool*/ x547 = addcarryx_u64(x544, x529, x531);
 uint8_t x548 = ((uint8_t)0x0 + x547);
 uint8_t x549 = (x548 + x532);
 uint64_t _, uint8_t/*bool*/ x552 = addcarryx_u64(0x0, x495, x516);
 uint64_t x554, uint8_t/*bool*/ x555 = addcarryx_u64(x552, x498, x534);
 uint64_t x557, uint8_t/*bool*/ x558 = addcarryx_u64(x555, x501, x537);
 uint64_t x560, uint8_t/*bool*/ x561 = addcarryx_u64(x558, x504, x540);
 uint64_t x563, uint8_t/*bool*/ x564 = addcarryx_u64(x561, x507, x543);
 uint64_t x566, uint8_t/*bool*/ x567 = addcarryx_u64(x564, x510, x546);
 uint64_t x569, uint8_t/*bool*/ x570 = addcarryx_u64(x567, x513, x549);
 uint8_t x571 = ((uint8_t)x570 + x514);
 uint64_t x573, uint64_t x574 = mulx_u64(x12, x15);
 uint64_t x576, uint64_t x577 = mulx_u64(x12, x17);
 uint64_t x579, uint64_t x580 = mulx_u64(x12, x19);
 uint64_t x582, uint64_t x583 = mulx_u64(x12, x21);
 uint64_t x585, uint64_t x586 = mulx_u64(x12, x23);
 uint64_t x588, uint64_t x589 = mulx_u64(x12, x22);
 uint64_t x591, uint8_t/*bool*/ x592 = addcarryx_u64(0x0, x574, x576);
 uint64_t x594, uint8_t/*bool*/ x595 = addcarryx_u64(x592, x577, x579);
 uint64_t x597, uint8_t/*bool*/ x598 = addcarryx_u64(x595, x580, x582);
 uint64_t x600, uint8_t/*bool*/ x601 = addcarryx_u64(x598, x583, x585);
 uint64_t x603, uint8_t/*bool*/ x604 = addcarryx_u64(x601, x586, x588);
 uint64_t x606, uint8_t/*bool*/ _ = addcarryx_u64(0x0, x604, x589);
 uint64_t x609, uint8_t/*bool*/ x610 = addcarryx_u64(0x0, x554, x573);
 uint64_t x612, uint8_t/*bool*/ x613 = addcarryx_u64(x610, x557, x591);
 uint64_t x615, uint8_t/*bool*/ x616 = addcarryx_u64(x613, x560, x594);
 uint64_t x618, uint8_t/*bool*/ x619 = addcarryx_u64(x616, x563, x597);
 uint64_t x621, uint8_t/*bool*/ x622 = addcarryx_u64(x619, x566, x600);
 uint64_t x624, uint8_t/*bool*/ x625 = addcarryx_u64(x622, x569, x603);
 uint64_t x627, uint8_t/*bool*/ x628 = addcarryx_u64(x625, x571, x606);
 uint64_t x630, uint64_t x631 = mulx_u64(x609, 0xffffffffffffffffL);
 uint64_t x633, uint64_t x634 = mulx_u64(x609, 0xffffffffffffffffL);
 uint64_t x636, uint64_t x637 = mulx_u64(x609, 0xfffffffdffffffffL);
 uint64_t x639, uint64_t x640 = mulx_u64(x609, 0xffffffffffffffffL);
 uint64_t x642, uint64_t x643 = mulx_u64(x609, 0xffffffffffffffffL);
 uint64_t x645, uint8_t x646 = mulx_u64_out_u8(x609, 0x3);
 uint64_t x648, uint8_t/*bool*/ x649 = addcarryx_u64(0x0, x631, x633);
 uint64_t x651, uint8_t/*bool*/ x652 = addcarryx_u64(x649, x634, x636);
 uint64_t x654, uint8_t/*bool*/ x655 = addcarryx_u64(x652, x637, x639);
 uint64_t x657, uint8_t/*bool*/ x658 = addcarryx_u64(x655, x640, x642);
 uint64_t x660, uint8_t/*bool*/ x661 = addcarryx_u64(x658, x643, x645);
 uint8_t x662 = ((uint8_t)0x0 + x661);
 uint8_t x663 = (x662 + x646);
 uint64_t _, uint8_t/*bool*/ x666 = addcarryx_u64(0x0, x609, x630);
 uint64_t x668, uint8_t/*bool*/ x669 = addcarryx_u64(x666, x612, x648);
 uint64_t x671, uint8_t/*bool*/ x672 = addcarryx_u64(x669, x615, x651);
 uint64_t x674, uint8_t/*bool*/ x675 = addcarryx_u64(x672, x618, x654);
 uint64_t x677, uint8_t/*bool*/ x678 = addcarryx_u64(x675, x621, x657);
 uint64_t x680, uint8_t/*bool*/ x681 = addcarryx_u64(x678, x624, x660);
 uint64_t x683, uint8_t/*bool*/ x684 = addcarryx_u64(x681, x627, x663);
 uint8_t x685 = ((uint8_t)x684 + x628);
 uint64_t x687, uint8_t/*bool*/ x688 = subborrow_u64(0x0, x668, 0xffffffffffffffffL);
 uint64_t x690, uint8_t/*bool*/ x691 = subborrow_u64(x688, x671, 0xffffffffffffffffL);
 uint64_t x693, uint8_t/*bool*/ x694 = subborrow_u64(x691, x674, 0xfffffffdffffffffL);
 uint64_t x696, uint8_t/*bool*/ x697 = subborrow_u64(x694, x677, 0xffffffffffffffffL);
 uint64_t x699, uint8_t/*bool*/ x700 = subborrow_u64(x697, x680, 0xffffffffffffffffL);
 uint64_t x702, uint8_t/*bool*/ x703 = subborrow_u64(x700, x683, 0x3);
 uint64_t _, uint8_t/*bool*/ x706 = subborrow_u64(x703, x685, 0x0);
 uint64_t x707 = cmovznz64(x706, x702, x683);
 uint64_t x708 = cmovznz64(x706, x699, x680);
 uint64_t x709 = cmovznz64(x706, x696, x677);
 uint64_t x710 = cmovznz64(x706, x693, x674);
 uint64_t x711 = cmovznz64(x706, x690, x671);
 uint64_t x712 = cmovznz64(x706, x687, x668);
 return (x707, x708, x709, x710, x711, x712))
(x, x0)%core
     : word64 * word64 * word64 * word64 * word64 * word64 → word64 * word64 * word64 * word64 * word64 * word64 → ReturnType (uint64_t * uint64_t * uint64_t * uint64_t * uint64_t * uint64_t)
