λ x : word64 * word64 * word64 * word64 * word64 * word64 * word64 * word64 * word64,
Interp-η
(λ var : Syntax.base_type → Type,
 λ '(x15, x16, x14, x12, x10, x8, x6, x4, x2)%core,
 uint64_t x17 = (x2 >> 0x3a);
 uint64_t x18 = (x2 & 0x3ffffffffffffff);
 uint64_t x19 = (x17 + x4);
 uint64_t x20 = (x19 >> 0x3a);
 uint64_t x21 = (x19 & 0x3ffffffffffffff);
 uint64_t x22 = (x20 + x6);
 uint64_t x23 = (x22 >> 0x3a);
 uint64_t x24 = (x22 & 0x3ffffffffffffff);
 uint64_t x25 = (x23 + x8);
 uint64_t x26 = (x25 >> 0x3a);
 uint64_t x27 = (x25 & 0x3ffffffffffffff);
 uint64_t x28 = (x26 + x10);
 uint64_t x29 = (x28 >> 0x3a);
 uint64_t x30 = (x28 & 0x3ffffffffffffff);
 uint64_t x31 = (x29 + x12);
 uint64_t x32 = (x31 >> 0x3a);
 uint64_t x33 = (x31 & 0x3ffffffffffffff);
 uint64_t x34 = (x32 + x14);
 uint64_t x35 = (x34 >> 0x3a);
 uint64_t x36 = (x34 & 0x3ffffffffffffff);
 uint64_t x37 = (x35 + x16);
 uint64_t x38 = (x37 >> 0x3a);
 uint64_t x39 = (x37 & 0x3ffffffffffffff);
 uint64_t x40 = (x38 + x15);
 uint64_t x41 = (x40 >> 0x39);
 uint64_t x42 = (x40 & 0x1ffffffffffffff);
 uint64_t x43 = (x18 + x41);
 uint64_t x44 = (x43 >> 0x3a);
 uint64_t x45 = (x43 & 0x3ffffffffffffff);
 uint64_t x46 = (x44 + x21);
 uint64_t x47 = (x46 >> 0x3a);
 uint64_t x48 = (x46 & 0x3ffffffffffffff);
 return (Return x42, Return x39, Return x36, Return x33, Return x30, Return x27, (x47 + x24), Return x48, Return x45))
x
     : word64 * word64 * word64 * word64 * word64 * word64 * word64 * word64 * word64 → ReturnType (uint64_t * uint64_t * uint64_t * uint64_t * uint64_t * uint64_t * uint64_t * uint64_t * uint64_t)
